MPLINK 4.48, Linker
Linker Map File - Created Sat Mar 01 09:22:50 2014

                                 Section Info
                  Section       Type    Address   Location Size(Bytes)
                ---------  ---------  ---------  ---------  ---------
               _entry_scn       code   0x000000    program   0x000006
                   .cinit    romdata   0x000006    program   0x00000e
             .code_main.o       code   0x000014    program   0x000ea8
               _cinit_scn       code   0x000ebc    program   0x00009e
             D10KTCYXCODE       code   0x000f5a    program   0x00002e
                    .code       code   0x000f88    program   0x000020
             _startup_scn       code   0x000fa8    program   0x00001c
              D10TCYXCODE       code   0x000fc4    program   0x000016
          .code_adcread.o       code   0x000fda    program   0x000012
         .code_adcclose.o       code   0x000fec    program   0x000006
           .code___init.o       code   0x000ff2    program   0x000002
        .romdata___init.o    romdata   0x000ff4    program   0x000000
       .romdata_adcread.o    romdata   0x000ff4    program   0x000000
      .romdata_adcclose.o    romdata   0x000ff4    program   0x000000
          .romdata_main.o    romdata   0x000ff4    program   0x000000
          .idata_main.o_i    romdata   0x000ff4    program   0x000028
         .romdata_c018i.o    romdata   0x000ff4    program   0x000000
      .idata_adcclose.o_i    romdata   0x00101c    program   0x000000
       .idata_adcread.o_i    romdata   0x00101c    program   0x000000
        .idata___init.o_i    romdata   0x00101c    program   0x000000
            .code_c018i.o       code   0x00101c    program   0x000000
         .idata_c018i.o_i    romdata   0x00101c    program   0x000000
                 .tmpdata      udata   0x000000       data   0x000004
                MATH_DATA      udata   0x000004       data   0x000002
                DELAYDAT2      udata   0x000006       data   0x000001
                DELAYDAT1      udata   0x000007       data   0x000001
            .idata_main.o      idata   0x000060       data   0x000028
           .udata_c018i.o      udata   0x000088       data   0x00000a
           .idata_c018i.o      idata   0x000092       data   0x000000
            .udata_main.o      udata   0x000092       data   0x000000
          .idata___init.o      idata   0x000092       data   0x000000
          .udata___init.o      udata   0x000092       data   0x000000
         .idata_adcread.o      idata   0x000092       data   0x000000
         .udata_adcread.o      udata   0x000092       data   0x000000
        .idata_adcclose.o      idata   0x000092       data   0x000000
        .udata_adcclose.o      udata   0x000092       data   0x000000
                   .stack      udata   0x000d00       data   0x000100
              SFR_BANKED0      udata   0x000eb8       data   0x000005
              SFR_BANKED1      udata   0x000ebf       data   0x000014
              SFR_BANKED2      udata   0x000ee1       data   0x000004
              SFR_BANKED3      udata   0x000ee6       data   0x000005
              SFR_BANKED4      udata   0x000ef2       data   0x000003
              SFR_BANKED5      udata   0x000ef7       data   0x000002
              SFR_BANKED6      udata   0x000efc       data   0x000004
              SFR_BANKED7      udata   0x000f00       data   0x000026
              SFR_BANKED8      udata   0x000f3a       data   0x000009
              SFR_BANKED9      udata   0x000f44       data   0x000010
            SFR_UNBANKED0      udata   0x000f66       data   0x00009a



                              Program Memory Usage 
                               Start         End      
                           ---------   ---------      
                            0x000000    0x00101b      
            4124 out of 131074 program addresses used, program memory utilization is 3%



                              Symbols - Sorted by Name
                     Name    Address   Location    Storage File                     
                ---------  ---------  ---------  --------- ---------                
                 CloseADC   0x000fec    program     extern E:\c18v3.46\pic18-lt\cxx-framework\src\pmc_common\ADC\adcclose.c
                   D10K_1   0x000f66    program     static E:\c18v3.46\pic18-lt\cxx-framework\src\traditional\delays\d10ktcyx.asm
                    D10Kl   0x000f72    program     static E:\c18v3.46\pic18-lt\cxx-framework\src\traditional\delays\d10ktcyx.asm
                    D10Kx   0x000f64    program     static E:\c18v3.46\pic18-lt\cxx-framework\src\traditional\delays\d10ktcyx.asm
                    D10_1   0x000fd4    program     static E:\c18v3.46\pic18-lt\cxx-framework\src\traditional\delays\d10tcyx.asm
                     D10x   0x000fcc    program     static E:\c18v3.46\pic18-lt\cxx-framework\src\traditional\delays\d10tcyx.asm
             Delay10KTCYx   0x000f5a    program     extern E:\c18v3.46\pic18-lt\cxx-framework\src\traditional\delays\d10ktcyx.asm
              Delay10TCYx   0x000fc4    program     extern E:\c18v3.46\pic18-lt\cxx-framework\src\traditional\delays\d10tcyx.asm
                  ReadADC   0x000fda    program     extern E:\c18v3.46\pic18-lt\cxx-framework\src\pmc_common\ADC\adcread.c
       _D10KTCYXCODE_0010   0x000f6a    program     static E:\c18v3.46\pic18-lt\cxx-framework\src\traditional\delays\d10ktcyx.asm
       _D10KTCYXCODE_001C   0x000f76    program     static E:\c18v3.46\pic18-lt\cxx-framework\src\traditional\delays\d10ktcyx.asm
        _D10TCYXCODE_000A   0x000fce    program     static E:\c18v3.46\pic18-lt\cxx-framework\src\traditional\delays\d10tcyx.asm
        _D10TCYXCODE_000C   0x000fd0    program     static E:\c18v3.46\pic18-lt\cxx-framework\src\traditional\delays\d10tcyx.asm
        _D10TCYXCODE_000E   0x000fd2    program     static E:\c18v3.46\pic18-lt\cxx-framework\src\traditional\delays\d10tcyx.asm
         ___else_lbl00010   0x0001b8    program     static                          
         ___else_lbl00012   0x000160    program     static                          
         ___else_lbl00165   0x000a4e    program     static                          
         ___else_lbl00169   0x000b20    program     static                          
          ___for_lbl00197   0x000e9e    program     static                          
          ___for_lbl00198   0x000ea8    program     static                          
          ___for_lbl00199   0x000e98    program     static                          
          ___for_lbl00200   0x000e9e    program     static                          
          ___for_lbl00201   0x000e7e    program     static                          
          ___for_lbl00202   0x000e5c    program     static                          
           ___if_lbl00004   0x000090    program     static                          
           ___if_lbl00008   0x0001da    program     static                          
           ___if_lbl00009   0x0001da    program     static                          
           ___if_lbl00011   0x0001da    program     static                          
           ___if_lbl00013   0x0001da    program     static                          
           ___if_lbl00163   0x000a70    program     static                          
           ___if_lbl00164   0x000a70    program     static                          
           ___if_lbl00166   0x000ab0    program     static                          
           ___if_lbl00167   0x000b40    program     static                          
           ___if_lbl00168   0x000b40    program     static                          
           ___if_lbl00170   0x000b40    program     static                          
           ___if_lbl00171   0x000b58    program     static                          
           ___if_lbl00172   0x000b58    program     static                          
           ___if_lbl00175   0x000bfc    program     static                          
           ___if_lbl00176   0x000bfc    program     static                          
       ___return_lbl00000   0x000004    program     static                          
       ___return_lbl00000   0x00021e    program     static                          
       ___return_lbl00001   0x000fc2    program     static                          
       ___return_lbl00002   0x000f58    program     static                          
       ___return_lbl00155   0x000950    program     static                          
       ___return_lbl00158   0x000bfc    program     static                          
       ___return_lbl00196   0x000ea8    program     static                          
        ___while_lbl00001   0x00005c    program     static                          
        ___while_lbl00002   0x00021e    program     static                          
        ___while_lbl00156   0x000926    program     static                          
        ___while_lbl00157   0x00092e    program     static                          
        ___while_lbl00159   0x0009d6    program     static                          
        ___while_lbl00160   0x000b5a    program     static                          
        ___while_lbl00173   0x000bbc    program     static                          
        ___while_lbl00174   0x000bf8    program     static                          
                   __init   0x000ff2    program     extern E:\c18v3.46\pic18-lt\cxx-framework\src\traditional\stdclib\__init.c
               __tmplbl_0   0x00007c    program     static                          
               __tmplbl_1   0x000074    program     static                          
               __tmplbl_2   0x0000f8    program     static                          
               __tmplbl_3   0x0000f0    program     static                          
               __tmplbl_4   0x00014a    program     static                          
               __tmplbl_5   0x000128    program     static                          
               __tmplbl_6   0x0001a2    program     static                          
               __tmplbl_7   0x000180    program     static                          
              __tmplbl_82   0x000a40    program     static                          
              __tmplbl_83   0x000a3a    program     static                          
              __tmplbl_84   0x000a64    program     static                          
              __tmplbl_85   0x000a5e    program     static                          
              __tmplbl_90   0x000118    program     static                          
              __tmplbl_91   0x000170    program     static                          
              __tmplbl_92   0x0009f6    program     static                          
            __zero_memory   0x000f88    program     extern E:\c18v3.46\pic18-lt\cxx-framework\src\traditional\proc\p18f27j13.asm
                _do_cinit   0x000ebc    program     extern E:\c18v3.46\pic18-lt\cxx-framework\src\traditional\startup\c018i.c
                   _entry   0x000000    program     extern E:\c18v3.46\pic18-lt\cxx-framework\src\traditional\startup\c018i.c
                 _startup   0x000fa8    program     extern E:\c18v3.46\pic18-lt\cxx-framework\src\traditional\startup\c018i.c
                adConvert   0x000900    program     extern C:\Users\Tim\Documents\Emilia\githubRepos\Senior-Design-Micromouse\Code\MplabBench\CodeMerge\main.c
              autocorrect   0x00042e    program     extern C:\Users\Tim\Documents\Emilia\githubRepos\Senior-Design-Micromouse\Code\MplabBench\CodeMerge\main.c
                blinkTest   0x000e06    program     extern C:\Users\Tim\Documents\Emilia\githubRepos\Senior-Design-Micromouse\Code\MplabBench\CodeMerge\main.c
              clearTimers   0x000dfc    program     extern C:\Users\Tim\Documents\Emilia\githubRepos\Senior-Design-Micromouse\Code\MplabBench\CodeMerge\main.c
                compare_l   0x000f9e    program     static E:\c18v3.46\pic18-lt\cxx-framework\src\traditional\proc\p18f27j13.asm
                copy_loop   0x000f2e    program     static                          
            copy_one_byte   0x000f34    program     static                          
                     done   0x000f58    program     static                          
             done_copying   0x000f42    program     static                          
                goForward   0x000964    program     extern C:\Users\Tim\Documents\Emilia\githubRepos\Senior-Design-Micromouse\Code\MplabBench\CodeMerge\main.c
            ifAutocorrect   0x000398    program     extern C:\Users\Tim\Documents\Emilia\githubRepos\Senior-Design-Micromouse\Code\MplabBench\CodeMerge\main.c
                ifSuicide   0x000232    program     extern C:\Users\Tim\Documents\Emilia\githubRepos\Senior-Design-Micromouse\Code\MplabBench\CodeMerge\main.c
            init4StepPoll   0x0004ee    program     extern C:\Users\Tim\Documents\Emilia\githubRepos\Senior-Design-Micromouse\Code\MplabBench\CodeMerge\main.c
                  initial   0x000db6    program     extern C:\Users\Tim\Documents\Emilia\githubRepos\Senior-Design-Micromouse\Code\MplabBench\CodeMerge\main.c
                     loop   0x000fb8    program     static                          
                   loop_h   0x000f96    program     static E:\c18v3.46\pic18-lt\cxx-framework\src\traditional\proc\p18f27j13.asm
                   loop_l   0x000fa0    program     static E:\c18v3.46\pic18-lt\cxx-framework\src\traditional\proc\p18f27j13.asm
                     main   0x000014    program     extern C:\Users\Tim\Documents\Emilia\githubRepos\Senior-Design-Micromouse\Code\MplabBench\CodeMerge\main.c
             makeDecision   0x000626    program     extern C:\Users\Tim\Documents\Emilia\githubRepos\Senior-Design-Micromouse\Code\MplabBench\CodeMerge\main.c
                  msDelay   0x000e4c    program     extern C:\Users\Tim\Documents\Emilia\githubRepos\Senior-Design-Micromouse\Code\MplabBench\CodeMerge\main.c
                     test   0x000ed6    program     static                          
                     turn   0x000c10    program     extern C:\Users\Tim\Documents\Emilia\githubRepos\Senior-Design-Micromouse\Code\MplabBench\CodeMerge\main.c
               zero_block   0x000f96    program     static E:\c18v3.46\pic18-lt\cxx-framework\src\traditional\proc\p18f27j13.asm
                   ADCON0   0x000fc2       data     extern E:\c18v3.46\pic18-lt\cxx-framework\src\traditional\proc\p18f27j13.asm
               ADCON0bits   0x000fc2       data     extern E:\c18v3.46\pic18-lt\cxx-framework\src\traditional\proc\p18f27j13.asm
                   ADCON1   0x000fc1       data     extern E:\c18v3.46\pic18-lt\cxx-framework\src\traditional\proc\p18f27j13.asm
               ADCON1bits   0x000fc1       data     extern E:\c18v3.46\pic18-lt\cxx-framework\src\traditional\proc\p18f27j13.asm
                  ADCTRIG   0x000eb8       data     extern E:\c18v3.46\pic18-lt\cxx-framework\src\traditional\proc\p18f27j13.asm
              ADCTRIGbits   0x000eb8       data     extern E:\c18v3.46\pic18-lt\cxx-framework\src\traditional\proc\p18f27j13.asm
                    ADRES   0x000fc3       data     extern E:\c18v3.46\pic18-lt\cxx-framework\src\traditional\proc\p18f27j13.asm
                   ADRESH   0x000fc4       data     extern E:\c18v3.46\pic18-lt\cxx-framework\src\traditional\proc\p18f27j13.asm
                   ADRESL   0x000fc3       data     extern E:\c18v3.46\pic18-lt\cxx-framework\src\traditional\proc\p18f27j13.asm
                  ALRMCFG   0x000f47       data     extern E:\c18v3.46\pic18-lt\cxx-framework\src\traditional\proc\p18f27j13.asm
              ALRMCFGbits   0x000f47       data     extern E:\c18v3.46\pic18-lt\cxx-framework\src\traditional\proc\p18f27j13.asm
                  ALRMRPT   0x000f46       data     extern E:\c18v3.46\pic18-lt\cxx-framework\src\traditional\proc\p18f27j13.asm
              ALRMRPTbits   0x000f46       data     extern E:\c18v3.46\pic18-lt\cxx-framework\src\traditional\proc\p18f27j13.asm
                 ALRMVALH   0x000f45       data     extern E:\c18v3.46\pic18-lt\cxx-framework\src\traditional\proc\p18f27j13.asm
                 ALRMVALL   0x000f44       data     extern E:\c18v3.46\pic18-lt\cxx-framework\src\traditional\proc\p18f27j13.asm
                   ANCON0   0x000f48       data     extern E:\c18v3.46\pic18-lt\cxx-framework\src\traditional\proc\p18f27j13.asm
               ANCON0bits   0x000f48       data     extern E:\c18v3.46\pic18-lt\cxx-framework\src\traditional\proc\p18f27j13.asm
                   ANCON1   0x000f49       data     extern E:\c18v3.46\pic18-lt\cxx-framework\src\traditional\proc\p18f27j13.asm
               ANCON1bits   0x000f49       data     extern E:\c18v3.46\pic18-lt\cxx-framework\src\traditional\proc\p18f27j13.asm
                  BAUDCON   0x000f7e       data     extern E:\c18v3.46\pic18-lt\cxx-framework\src\traditional\proc\p18f27j13.asm
                 BAUDCON1   0x000f7e       data     extern E:\c18v3.46\pic18-lt\cxx-framework\src\traditional\proc\p18f27j13.asm
             BAUDCON1bits   0x000f7e       data     extern E:\c18v3.46\pic18-lt\cxx-framework\src\traditional\proc\p18f27j13.asm
                 BAUDCON2   0x000f7c       data     extern E:\c18v3.46\pic18-lt\cxx-framework\src\traditional\proc\p18f27j13.asm
             BAUDCON2bits   0x000f7c       data     extern E:\c18v3.46\pic18-lt\cxx-framework\src\traditional\proc\p18f27j13.asm
              BAUDCONbits   0x000f7e       data     extern E:\c18v3.46\pic18-lt\cxx-framework\src\traditional\proc\p18f27j13.asm
                  BAUDCTL   0x000f7e       data     extern E:\c18v3.46\pic18-lt\cxx-framework\src\traditional\proc\p18f27j13.asm
              BAUDCTLbits   0x000f7e       data     extern E:\c18v3.46\pic18-lt\cxx-framework\src\traditional\proc\p18f27j13.asm
                      BSR   0x000fe0       data     extern E:\c18v3.46\pic18-lt\cxx-framework\src\traditional\proc\p18f27j13.asm
                 CCP10CON   0x000f00       data     extern E:\c18v3.46\pic18-lt\cxx-framework\src\traditional\proc\p18f27j13.asm
             CCP10CONbits   0x000f00       data     extern E:\c18v3.46\pic18-lt\cxx-framework\src\traditional\proc\p18f27j13.asm
                  CCP1CON   0x000fba       data     extern E:\c18v3.46\pic18-lt\cxx-framework\src\traditional\proc\p18f27j13.asm
              CCP1CONbits   0x000fba       data     extern E:\c18v3.46\pic18-lt\cxx-framework\src\traditional\proc\p18f27j13.asm
                  CCP2CON   0x000fb4       data     extern E:\c18v3.46\pic18-lt\cxx-framework\src\traditional\proc\p18f27j13.asm
              CCP2CONbits   0x000fb4       data     extern E:\c18v3.46\pic18-lt\cxx-framework\src\traditional\proc\p18f27j13.asm
                  CCP3CON   0x000f15       data     extern E:\c18v3.46\pic18-lt\cxx-framework\src\traditional\proc\p18f27j13.asm
              CCP3CONbits   0x000f15       data     extern E:\c18v3.46\pic18-lt\cxx-framework\src\traditional\proc\p18f27j13.asm
                  CCP4CON   0x000f12       data     extern E:\c18v3.46\pic18-lt\cxx-framework\src\traditional\proc\p18f27j13.asm
              CCP4CONbits   0x000f12       data     extern E:\c18v3.46\pic18-lt\cxx-framework\src\traditional\proc\p18f27j13.asm
                  CCP5CON   0x000f0f       data     extern E:\c18v3.46\pic18-lt\cxx-framework\src\traditional\proc\p18f27j13.asm
              CCP5CONbits   0x000f0f       data     extern E:\c18v3.46\pic18-lt\cxx-framework\src\traditional\proc\p18f27j13.asm
                  CCP6CON   0x000f0c       data     extern E:\c18v3.46\pic18-lt\cxx-framework\src\traditional\proc\p18f27j13.asm
              CCP6CONbits   0x000f0c       data     extern E:\c18v3.46\pic18-lt\cxx-framework\src\traditional\proc\p18f27j13.asm
                  CCP7CON   0x000f09       data     extern E:\c18v3.46\pic18-lt\cxx-framework\src\traditional\proc\p18f27j13.asm
              CCP7CONbits   0x000f09       data     extern E:\c18v3.46\pic18-lt\cxx-framework\src\traditional\proc\p18f27j13.asm
                  CCP8CON   0x000f06       data     extern E:\c18v3.46\pic18-lt\cxx-framework\src\traditional\proc\p18f27j13.asm
              CCP8CONbits   0x000f06       data     extern E:\c18v3.46\pic18-lt\cxx-framework\src\traditional\proc\p18f27j13.asm
                  CCP9CON   0x000f03       data     extern E:\c18v3.46\pic18-lt\cxx-framework\src\traditional\proc\p18f27j13.asm
              CCP9CONbits   0x000f03       data     extern E:\c18v3.46\pic18-lt\cxx-framework\src\traditional\proc\p18f27j13.asm
                    CCPR1   0x000fbb       data     extern E:\c18v3.46\pic18-lt\cxx-framework\src\traditional\proc\p18f27j13.asm
                  CCPR10H   0x000f02       data     extern E:\c18v3.46\pic18-lt\cxx-framework\src\traditional\proc\p18f27j13.asm
                  CCPR10L   0x000f01       data     extern E:\c18v3.46\pic18-lt\cxx-framework\src\traditional\proc\p18f27j13.asm
                   CCPR1H   0x000fbc       data     extern E:\c18v3.46\pic18-lt\cxx-framework\src\traditional\proc\p18f27j13.asm
                   CCPR1L   0x000fbb       data     extern E:\c18v3.46\pic18-lt\cxx-framework\src\traditional\proc\p18f27j13.asm
                    CCPR2   0x000fb5       data     extern E:\c18v3.46\pic18-lt\cxx-framework\src\traditional\proc\p18f27j13.asm
                   CCPR2H   0x000fb6       data     extern E:\c18v3.46\pic18-lt\cxx-framework\src\traditional\proc\p18f27j13.asm
                   CCPR2L   0x000fb5       data     extern E:\c18v3.46\pic18-lt\cxx-framework\src\traditional\proc\p18f27j13.asm
                   CCPR3H   0x000f17       data     extern E:\c18v3.46\pic18-lt\cxx-framework\src\traditional\proc\p18f27j13.asm
                   CCPR3L   0x000f16       data     extern E:\c18v3.46\pic18-lt\cxx-framework\src\traditional\proc\p18f27j13.asm
                   CCPR4H   0x000f14       data     extern E:\c18v3.46\pic18-lt\cxx-framework\src\traditional\proc\p18f27j13.asm
                   CCPR4L   0x000f13       data     extern E:\c18v3.46\pic18-lt\cxx-framework\src\traditional\proc\p18f27j13.asm
                   CCPR5H   0x000f11       data     extern E:\c18v3.46\pic18-lt\cxx-framework\src\traditional\proc\p18f27j13.asm
                   CCPR5L   0x000f10       data     extern E:\c18v3.46\pic18-lt\cxx-framework\src\traditional\proc\p18f27j13.asm
                   CCPR6H   0x000f0e       data     extern E:\c18v3.46\pic18-lt\cxx-framework\src\traditional\proc\p18f27j13.asm
                   CCPR6L   0x000f0d       data     extern E:\c18v3.46\pic18-lt\cxx-framework\src\traditional\proc\p18f27j13.asm
                   CCPR7H   0x000f0b       data     extern E:\c18v3.46\pic18-lt\cxx-framework\src\traditional\proc\p18f27j13.asm
                   CCPR7L   0x000f0a       data     extern E:\c18v3.46\pic18-lt\cxx-framework\src\traditional\proc\p18f27j13.asm
                   CCPR8H   0x000f08       data     extern E:\c18v3.46\pic18-lt\cxx-framework\src\traditional\proc\p18f27j13.asm
                   CCPR8L   0x000f07       data     extern E:\c18v3.46\pic18-lt\cxx-framework\src\traditional\proc\p18f27j13.asm
                   CCPR9H   0x000f05       data     extern E:\c18v3.46\pic18-lt\cxx-framework\src\traditional\proc\p18f27j13.asm
                   CCPR9L   0x000f04       data     extern E:\c18v3.46\pic18-lt\cxx-framework\src\traditional\proc\p18f27j13.asm
                 CCPTMRS0   0x000f52       data     extern E:\c18v3.46\pic18-lt\cxx-framework\src\traditional\proc\p18f27j13.asm
             CCPTMRS0bits   0x000f52       data     extern E:\c18v3.46\pic18-lt\cxx-framework\src\traditional\proc\p18f27j13.asm
                 CCPTMRS1   0x000f51       data     extern E:\c18v3.46\pic18-lt\cxx-framework\src\traditional\proc\p18f27j13.asm
             CCPTMRS1bits   0x000f51       data     extern E:\c18v3.46\pic18-lt\cxx-framework\src\traditional\proc\p18f27j13.asm
                 CCPTMRS2   0x000f50       data     extern E:\c18v3.46\pic18-lt\cxx-framework\src\traditional\proc\p18f27j13.asm
             CCPTMRS2bits   0x000f50       data     extern E:\c18v3.46\pic18-lt\cxx-framework\src\traditional\proc\p18f27j13.asm
                   CM1CON   0x000fd2       data     extern E:\c18v3.46\pic18-lt\cxx-framework\src\traditional\proc\p18f27j13.asm
                  CM1CON1   0x000fd2       data     extern E:\c18v3.46\pic18-lt\cxx-framework\src\traditional\proc\p18f27j13.asm
              CM1CON1bits   0x000fd2       data     extern E:\c18v3.46\pic18-lt\cxx-framework\src\traditional\proc\p18f27j13.asm
               CM1CONbits   0x000fd2       data     extern E:\c18v3.46\pic18-lt\cxx-framework\src\traditional\proc\p18f27j13.asm
                   CM2CON   0x000fd1       data     extern E:\c18v3.46\pic18-lt\cxx-framework\src\traditional\proc\p18f27j13.asm
                  CM2CON1   0x000fd1       data     extern E:\c18v3.46\pic18-lt\cxx-framework\src\traditional\proc\p18f27j13.asm
              CM2CON1bits   0x000fd1       data     extern E:\c18v3.46\pic18-lt\cxx-framework\src\traditional\proc\p18f27j13.asm
               CM2CONbits   0x000fd1       data     extern E:\c18v3.46\pic18-lt\cxx-framework\src\traditional\proc\p18f27j13.asm
                   CM3CON   0x000f25       data     extern E:\c18v3.46\pic18-lt\cxx-framework\src\traditional\proc\p18f27j13.asm
               CM3CONbits   0x000f25       data     extern E:\c18v3.46\pic18-lt\cxx-framework\src\traditional\proc\p18f27j13.asm
                   CMSTAT   0x000f70       data     extern E:\c18v3.46\pic18-lt\cxx-framework\src\traditional\proc\p18f27j13.asm
                 CMSTATUS   0x000f70       data     extern E:\c18v3.46\pic18-lt\cxx-framework\src\traditional\proc\p18f27j13.asm
             CMSTATUSbits   0x000f70       data     extern E:\c18v3.46\pic18-lt\cxx-framework\src\traditional\proc\p18f27j13.asm
               CMSTATbits   0x000f70       data     extern E:\c18v3.46\pic18-lt\cxx-framework\src\traditional\proc\p18f27j13.asm
                 CTMUCONH   0x000fb3       data     extern E:\c18v3.46\pic18-lt\cxx-framework\src\traditional\proc\p18f27j13.asm
             CTMUCONHbits   0x000fb3       data     extern E:\c18v3.46\pic18-lt\cxx-framework\src\traditional\proc\p18f27j13.asm
                 CTMUCONL   0x000fb2       data     extern E:\c18v3.46\pic18-lt\cxx-framework\src\traditional\proc\p18f27j13.asm
             CTMUCONLbits   0x000fb2       data     extern E:\c18v3.46\pic18-lt\cxx-framework\src\traditional\proc\p18f27j13.asm
                 CTMUICON   0x000fb1       data     extern E:\c18v3.46\pic18-lt\cxx-framework\src\traditional\proc\p18f27j13.asm
             CTMUICONbits   0x000fb1       data     extern E:\c18v3.46\pic18-lt\cxx-framework\src\traditional\proc\p18f27j13.asm
                   CVRCON   0x000f53       data     extern E:\c18v3.46\pic18-lt\cxx-framework\src\traditional\proc\p18f27j13.asm
               CVRCONbits   0x000f53       data     extern E:\c18v3.46\pic18-lt\cxx-framework\src\traditional\proc\p18f27j13.asm
                   DMABCH   0x000f66       data     extern E:\c18v3.46\pic18-lt\cxx-framework\src\traditional\proc\p18f27j13.asm
               DMABCHbits   0x000f66       data     extern E:\c18v3.46\pic18-lt\cxx-framework\src\traditional\proc\p18f27j13.asm
                   DMABCL   0x000f67       data     extern E:\c18v3.46\pic18-lt\cxx-framework\src\traditional\proc\p18f27j13.asm
                  DMACON1   0x000f88       data     extern E:\c18v3.46\pic18-lt\cxx-framework\src\traditional\proc\p18f27j13.asm
              DMACON1bits   0x000f88       data     extern E:\c18v3.46\pic18-lt\cxx-framework\src\traditional\proc\p18f27j13.asm
                  DMACON2   0x000f86       data     extern E:\c18v3.46\pic18-lt\cxx-framework\src\traditional\proc\p18f27j13.asm
              DMACON2bits   0x000f86       data     extern E:\c18v3.46\pic18-lt\cxx-framework\src\traditional\proc\p18f27j13.asm
                   DSCONH   0x000f4d       data     extern E:\c18v3.46\pic18-lt\cxx-framework\src\traditional\proc\p18f27j13.asm
               DSCONHbits   0x000f4d       data     extern E:\c18v3.46\pic18-lt\cxx-framework\src\traditional\proc\p18f27j13.asm
                   DSCONL   0x000f4c       data     extern E:\c18v3.46\pic18-lt\cxx-framework\src\traditional\proc\p18f27j13.asm
               DSCONLbits   0x000f4c       data     extern E:\c18v3.46\pic18-lt\cxx-framework\src\traditional\proc\p18f27j13.asm
                   DSGPR0   0x000f4e       data     extern E:\c18v3.46\pic18-lt\cxx-framework\src\traditional\proc\p18f27j13.asm
                   DSGPR1   0x000f4f       data     extern E:\c18v3.46\pic18-lt\cxx-framework\src\traditional\proc\p18f27j13.asm
                  DSWAKEH   0x000f4b       data     extern E:\c18v3.46\pic18-lt\cxx-framework\src\traditional\proc\p18f27j13.asm
              DSWAKEHbits   0x000f4b       data     extern E:\c18v3.46\pic18-lt\cxx-framework\src\traditional\proc\p18f27j13.asm
                  DSWAKEL   0x000f4a       data     extern E:\c18v3.46\pic18-lt\cxx-framework\src\traditional\proc\p18f27j13.asm
              DSWAKELbits   0x000f4a       data     extern E:\c18v3.46\pic18-lt\cxx-framework\src\traditional\proc\p18f27j13.asm
            DelayCounter1   0x000007       data     extern E:\c18v3.46\pic18-lt\cxx-framework\src\traditional\delays\delayd1.asm
            DelayCounter2   0x000006       data     extern E:\c18v3.46\pic18-lt\cxx-framework\src\traditional\delays\delayd2.asm
                  ECCP1AS   0x000fbe       data     extern E:\c18v3.46\pic18-lt\cxx-framework\src\traditional\proc\p18f27j13.asm
              ECCP1ASbits   0x000fbe       data     extern E:\c18v3.46\pic18-lt\cxx-framework\src\traditional\proc\p18f27j13.asm
                 ECCP1CON   0x000fba       data     extern E:\c18v3.46\pic18-lt\cxx-framework\src\traditional\proc\p18f27j13.asm
             ECCP1CONbits   0x000fba       data     extern E:\c18v3.46\pic18-lt\cxx-framework\src\traditional\proc\p18f27j13.asm
                 ECCP1DEL   0x000fbd       data     extern E:\c18v3.46\pic18-lt\cxx-framework\src\traditional\proc\p18f27j13.asm
             ECCP1DELbits   0x000fbd       data     extern E:\c18v3.46\pic18-lt\cxx-framework\src\traditional\proc\p18f27j13.asm
                  ECCP2AS   0x000fb8       data     extern E:\c18v3.46\pic18-lt\cxx-framework\src\traditional\proc\p18f27j13.asm
              ECCP2ASbits   0x000fb8       data     extern E:\c18v3.46\pic18-lt\cxx-framework\src\traditional\proc\p18f27j13.asm
                 ECCP2CON   0x000fb4       data     extern E:\c18v3.46\pic18-lt\cxx-framework\src\traditional\proc\p18f27j13.asm
             ECCP2CONbits   0x000fb4       data     extern E:\c18v3.46\pic18-lt\cxx-framework\src\traditional\proc\p18f27j13.asm
                 ECCP2DEL   0x000fb7       data     extern E:\c18v3.46\pic18-lt\cxx-framework\src\traditional\proc\p18f27j13.asm
             ECCP2DELbits   0x000fb7       data     extern E:\c18v3.46\pic18-lt\cxx-framework\src\traditional\proc\p18f27j13.asm
                  ECCP3AS   0x000f19       data     extern E:\c18v3.46\pic18-lt\cxx-framework\src\traditional\proc\p18f27j13.asm
              ECCP3ASbits   0x000f19       data     extern E:\c18v3.46\pic18-lt\cxx-framework\src\traditional\proc\p18f27j13.asm
                 ECCP3DEL   0x000f18       data     extern E:\c18v3.46\pic18-lt\cxx-framework\src\traditional\proc\p18f27j13.asm
             ECCP3DELbits   0x000f18       data     extern E:\c18v3.46\pic18-lt\cxx-framework\src\traditional\proc\p18f27j13.asm
                   EECON1   0x000fa6       data     extern E:\c18v3.46\pic18-lt\cxx-framework\src\traditional\proc\p18f27j13.asm
               EECON1bits   0x000fa6       data     extern E:\c18v3.46\pic18-lt\cxx-framework\src\traditional\proc\p18f27j13.asm
                   EECON2   0x000fa7       data     extern E:\c18v3.46\pic18-lt\cxx-framework\src\traditional\proc\p18f27j13.asm
                     FSR0   0x000fe9       data     extern E:\c18v3.46\pic18-lt\cxx-framework\src\traditional\proc\p18f27j13.asm
                    FSR0H   0x000fea       data     extern E:\c18v3.46\pic18-lt\cxx-framework\src\traditional\proc\p18f27j13.asm
                    FSR0L   0x000fe9       data     extern E:\c18v3.46\pic18-lt\cxx-framework\src\traditional\proc\p18f27j13.asm
                     FSR1   0x000fe1       data     extern E:\c18v3.46\pic18-lt\cxx-framework\src\traditional\proc\p18f27j13.asm
                    FSR1H   0x000fe2       data     extern E:\c18v3.46\pic18-lt\cxx-framework\src\traditional\proc\p18f27j13.asm
                    FSR1L   0x000fe1       data     extern E:\c18v3.46\pic18-lt\cxx-framework\src\traditional\proc\p18f27j13.asm
                     FSR2   0x000fd9       data     extern E:\c18v3.46\pic18-lt\cxx-framework\src\traditional\proc\p18f27j13.asm
                    FSR2H   0x000fda       data     extern E:\c18v3.46\pic18-lt\cxx-framework\src\traditional\proc\p18f27j13.asm
                    FSR2L   0x000fd9       data     extern E:\c18v3.46\pic18-lt\cxx-framework\src\traditional\proc\p18f27j13.asm
                  HLVDCON   0x000f85       data     extern E:\c18v3.46\pic18-lt\cxx-framework\src\traditional\proc\p18f27j13.asm
              HLVDCONbits   0x000f85       data     extern E:\c18v3.46\pic18-lt\cxx-framework\src\traditional\proc\p18f27j13.asm
                    INDF0   0x000fef       data     extern E:\c18v3.46\pic18-lt\cxx-framework\src\traditional\proc\p18f27j13.asm
                    INDF1   0x000fe7       data     extern E:\c18v3.46\pic18-lt\cxx-framework\src\traditional\proc\p18f27j13.asm
                    INDF2   0x000fdf       data     extern E:\c18v3.46\pic18-lt\cxx-framework\src\traditional\proc\p18f27j13.asm
                   INTCON   0x000ff2       data     extern E:\c18v3.46\pic18-lt\cxx-framework\src\traditional\proc\p18f27j13.asm
                  INTCON2   0x000ff1       data     extern E:\c18v3.46\pic18-lt\cxx-framework\src\traditional\proc\p18f27j13.asm
              INTCON2bits   0x000ff1       data     extern E:\c18v3.46\pic18-lt\cxx-framework\src\traditional\proc\p18f27j13.asm
                  INTCON3   0x000ff0       data     extern E:\c18v3.46\pic18-lt\cxx-framework\src\traditional\proc\p18f27j13.asm
              INTCON3bits   0x000ff0       data     extern E:\c18v3.46\pic18-lt\cxx-framework\src\traditional\proc\p18f27j13.asm
               INTCONbits   0x000ff2       data     extern E:\c18v3.46\pic18-lt\cxx-framework\src\traditional\proc\p18f27j13.asm
                     IPR1   0x000f9f       data     extern E:\c18v3.46\pic18-lt\cxx-framework\src\traditional\proc\p18f27j13.asm
                 IPR1bits   0x000f9f       data     extern E:\c18v3.46\pic18-lt\cxx-framework\src\traditional\proc\p18f27j13.asm
                     IPR2   0x000fa2       data     extern E:\c18v3.46\pic18-lt\cxx-framework\src\traditional\proc\p18f27j13.asm
                 IPR2bits   0x000fa2       data     extern E:\c18v3.46\pic18-lt\cxx-framework\src\traditional\proc\p18f27j13.asm
                     IPR3   0x000fa5       data     extern E:\c18v3.46\pic18-lt\cxx-framework\src\traditional\proc\p18f27j13.asm
                 IPR3bits   0x000fa5       data     extern E:\c18v3.46\pic18-lt\cxx-framework\src\traditional\proc\p18f27j13.asm
                     IPR4   0x000f90       data     extern E:\c18v3.46\pic18-lt\cxx-framework\src\traditional\proc\p18f27j13.asm
                 IPR4bits   0x000f90       data     extern E:\c18v3.46\pic18-lt\cxx-framework\src\traditional\proc\p18f27j13.asm
                     IPR5   0x000f99       data     extern E:\c18v3.46\pic18-lt\cxx-framework\src\traditional\proc\p18f27j13.asm
                 IPR5bits   0x000f99       data     extern E:\c18v3.46\pic18-lt\cxx-framework\src\traditional\proc\p18f27j13.asm
                     LATA   0x000f89       data     extern E:\c18v3.46\pic18-lt\cxx-framework\src\traditional\proc\p18f27j13.asm
                 LATAbits   0x000f89       data     extern E:\c18v3.46\pic18-lt\cxx-framework\src\traditional\proc\p18f27j13.asm
                     LATB   0x000f8a       data     extern E:\c18v3.46\pic18-lt\cxx-framework\src\traditional\proc\p18f27j13.asm
                 LATBbits   0x000f8a       data     extern E:\c18v3.46\pic18-lt\cxx-framework\src\traditional\proc\p18f27j13.asm
                     LATC   0x000f8b       data     extern E:\c18v3.46\pic18-lt\cxx-framework\src\traditional\proc\p18f27j13.asm
                 LATCbits   0x000f8b       data     extern E:\c18v3.46\pic18-lt\cxx-framework\src\traditional\proc\p18f27j13.asm
                   ODCON1   0x000f42       data     extern E:\c18v3.46\pic18-lt\cxx-framework\src\traditional\proc\p18f27j13.asm
               ODCON1bits   0x000f42       data     extern E:\c18v3.46\pic18-lt\cxx-framework\src\traditional\proc\p18f27j13.asm
                   ODCON2   0x000f41       data     extern E:\c18v3.46\pic18-lt\cxx-framework\src\traditional\proc\p18f27j13.asm
               ODCON2bits   0x000f41       data     extern E:\c18v3.46\pic18-lt\cxx-framework\src\traditional\proc\p18f27j13.asm
                   ODCON3   0x000f40       data     extern E:\c18v3.46\pic18-lt\cxx-framework\src\traditional\proc\p18f27j13.asm
               ODCON3bits   0x000f40       data     extern E:\c18v3.46\pic18-lt\cxx-framework\src\traditional\proc\p18f27j13.asm
                   OSCCON   0x000fd3       data     extern E:\c18v3.46\pic18-lt\cxx-framework\src\traditional\proc\p18f27j13.asm
                  OSCCON2   0x000f87       data     extern E:\c18v3.46\pic18-lt\cxx-framework\src\traditional\proc\p18f27j13.asm
              OSCCON2bits   0x000f87       data     extern E:\c18v3.46\pic18-lt\cxx-framework\src\traditional\proc\p18f27j13.asm
               OSCCONbits   0x000fd3       data     extern E:\c18v3.46\pic18-lt\cxx-framework\src\traditional\proc\p18f27j13.asm
                  OSCTUNE   0x000f9b       data     extern E:\c18v3.46\pic18-lt\cxx-framework\src\traditional\proc\p18f27j13.asm
              OSCTUNEbits   0x000f9b       data     extern E:\c18v3.46\pic18-lt\cxx-framework\src\traditional\proc\p18f27j13.asm
                  PADCFG1   0x000f3c       data     extern E:\c18v3.46\pic18-lt\cxx-framework\src\traditional\proc\p18f27j13.asm
              PADCFG1bits   0x000f3c       data     extern E:\c18v3.46\pic18-lt\cxx-framework\src\traditional\proc\p18f27j13.asm
                       PC   0x000ff9       data     extern E:\c18v3.46\pic18-lt\cxx-framework\src\traditional\proc\p18f27j13.asm
                      PCL   0x000ff9       data     extern E:\c18v3.46\pic18-lt\cxx-framework\src\traditional\proc\p18f27j13.asm
                   PCLATH   0x000ffa       data     extern E:\c18v3.46\pic18-lt\cxx-framework\src\traditional\proc\p18f27j13.asm
                   PCLATU   0x000ffb       data     extern E:\c18v3.46\pic18-lt\cxx-framework\src\traditional\proc\p18f27j13.asm
                      PD0   0x000eb9       data     extern E:\c18v3.46\pic18-lt\cxx-framework\src\traditional\proc\p18f27j13.asm
                  PD0bits   0x000eb9       data     extern E:\c18v3.46\pic18-lt\cxx-framework\src\traditional\proc\p18f27j13.asm
                      PD1   0x000eba       data     extern E:\c18v3.46\pic18-lt\cxx-framework\src\traditional\proc\p18f27j13.asm
                  PD1bits   0x000eba       data     extern E:\c18v3.46\pic18-lt\cxx-framework\src\traditional\proc\p18f27j13.asm
                      PD2   0x000ebb       data     extern E:\c18v3.46\pic18-lt\cxx-framework\src\traditional\proc\p18f27j13.asm
                  PD2bits   0x000ebb       data     extern E:\c18v3.46\pic18-lt\cxx-framework\src\traditional\proc\p18f27j13.asm
                      PD3   0x000ebc       data     extern E:\c18v3.46\pic18-lt\cxx-framework\src\traditional\proc\p18f27j13.asm
                  PD3bits   0x000ebc       data     extern E:\c18v3.46\pic18-lt\cxx-framework\src\traditional\proc\p18f27j13.asm
                     PIE1   0x000f9d       data     extern E:\c18v3.46\pic18-lt\cxx-framework\src\traditional\proc\p18f27j13.asm
                 PIE1bits   0x000f9d       data     extern E:\c18v3.46\pic18-lt\cxx-framework\src\traditional\proc\p18f27j13.asm
                     PIE2   0x000fa0       data     extern E:\c18v3.46\pic18-lt\cxx-framework\src\traditional\proc\p18f27j13.asm
                 PIE2bits   0x000fa0       data     extern E:\c18v3.46\pic18-lt\cxx-framework\src\traditional\proc\p18f27j13.asm
                     PIE3   0x000fa3       data     extern E:\c18v3.46\pic18-lt\cxx-framework\src\traditional\proc\p18f27j13.asm
                 PIE3bits   0x000fa3       data     extern E:\c18v3.46\pic18-lt\cxx-framework\src\traditional\proc\p18f27j13.asm
                     PIE4   0x000f8e       data     extern E:\c18v3.46\pic18-lt\cxx-framework\src\traditional\proc\p18f27j13.asm
                 PIE4bits   0x000f8e       data     extern E:\c18v3.46\pic18-lt\cxx-framework\src\traditional\proc\p18f27j13.asm
                     PIE5   0x000f91       data     extern E:\c18v3.46\pic18-lt\cxx-framework\src\traditional\proc\p18f27j13.asm
                 PIE5bits   0x000f91       data     extern E:\c18v3.46\pic18-lt\cxx-framework\src\traditional\proc\p18f27j13.asm
                     PIR1   0x000f9e       data     extern E:\c18v3.46\pic18-lt\cxx-framework\src\traditional\proc\p18f27j13.asm
                 PIR1bits   0x000f9e       data     extern E:\c18v3.46\pic18-lt\cxx-framework\src\traditional\proc\p18f27j13.asm
                     PIR2   0x000fa1       data     extern E:\c18v3.46\pic18-lt\cxx-framework\src\traditional\proc\p18f27j13.asm
                 PIR2bits   0x000fa1       data     extern E:\c18v3.46\pic18-lt\cxx-framework\src\traditional\proc\p18f27j13.asm
                     PIR3   0x000fa4       data     extern E:\c18v3.46\pic18-lt\cxx-framework\src\traditional\proc\p18f27j13.asm
                 PIR3bits   0x000fa4       data     extern E:\c18v3.46\pic18-lt\cxx-framework\src\traditional\proc\p18f27j13.asm
                     PIR4   0x000f8f       data     extern E:\c18v3.46\pic18-lt\cxx-framework\src\traditional\proc\p18f27j13.asm
                 PIR4bits   0x000f8f       data     extern E:\c18v3.46\pic18-lt\cxx-framework\src\traditional\proc\p18f27j13.asm
                     PIR5   0x000f98       data     extern E:\c18v3.46\pic18-lt\cxx-framework\src\traditional\proc\p18f27j13.asm
                 PIR5bits   0x000f98       data     extern E:\c18v3.46\pic18-lt\cxx-framework\src\traditional\proc\p18f27j13.asm
                   PLUSW0   0x000feb       data     extern E:\c18v3.46\pic18-lt\cxx-framework\src\traditional\proc\p18f27j13.asm
                   PLUSW1   0x000fe3       data     extern E:\c18v3.46\pic18-lt\cxx-framework\src\traditional\proc\p18f27j13.asm
                   PLUSW2   0x000fdb       data     extern E:\c18v3.46\pic18-lt\cxx-framework\src\traditional\proc\p18f27j13.asm
                   PMDIS0   0x000eb9       data     extern E:\c18v3.46\pic18-lt\cxx-framework\src\traditional\proc\p18f27j13.asm
               PMDIS0bits   0x000eb9       data     extern E:\c18v3.46\pic18-lt\cxx-framework\src\traditional\proc\p18f27j13.asm
                   PMDIS1   0x000eba       data     extern E:\c18v3.46\pic18-lt\cxx-framework\src\traditional\proc\p18f27j13.asm
               PMDIS1bits   0x000eba       data     extern E:\c18v3.46\pic18-lt\cxx-framework\src\traditional\proc\p18f27j13.asm
                   PMDIS2   0x000ebb       data     extern E:\c18v3.46\pic18-lt\cxx-framework\src\traditional\proc\p18f27j13.asm
               PMDIS2bits   0x000ebb       data     extern E:\c18v3.46\pic18-lt\cxx-framework\src\traditional\proc\p18f27j13.asm
                   PMDIS3   0x000ebc       data     extern E:\c18v3.46\pic18-lt\cxx-framework\src\traditional\proc\p18f27j13.asm
               PMDIS3bits   0x000ebc       data     extern E:\c18v3.46\pic18-lt\cxx-framework\src\traditional\proc\p18f27j13.asm
                    PORTA   0x000f80       data     extern E:\c18v3.46\pic18-lt\cxx-framework\src\traditional\proc\p18f27j13.asm
                PORTAbits   0x000f80       data     extern E:\c18v3.46\pic18-lt\cxx-framework\src\traditional\proc\p18f27j13.asm
                    PORTB   0x000f81       data     extern E:\c18v3.46\pic18-lt\cxx-framework\src\traditional\proc\p18f27j13.asm
                PORTBbits   0x000f81       data     extern E:\c18v3.46\pic18-lt\cxx-framework\src\traditional\proc\p18f27j13.asm
                    PORTC   0x000f82       data     extern E:\c18v3.46\pic18-lt\cxx-framework\src\traditional\proc\p18f27j13.asm
                PORTCbits   0x000f82       data     extern E:\c18v3.46\pic18-lt\cxx-framework\src\traditional\proc\p18f27j13.asm
                 POSTDEC0   0x000fed       data     extern E:\c18v3.46\pic18-lt\cxx-framework\src\traditional\proc\p18f27j13.asm
                 POSTDEC1   0x000fe5       data     extern E:\c18v3.46\pic18-lt\cxx-framework\src\traditional\proc\p18f27j13.asm
                 POSTDEC2   0x000fdd       data     extern E:\c18v3.46\pic18-lt\cxx-framework\src\traditional\proc\p18f27j13.asm
                 POSTINC0   0x000fee       data     extern E:\c18v3.46\pic18-lt\cxx-framework\src\traditional\proc\p18f27j13.asm
                 POSTINC1   0x000fe6       data     extern E:\c18v3.46\pic18-lt\cxx-framework\src\traditional\proc\p18f27j13.asm
                 POSTINC2   0x000fde       data     extern E:\c18v3.46\pic18-lt\cxx-framework\src\traditional\proc\p18f27j13.asm
                   PPSCON   0x000ebf       data     extern E:\c18v3.46\pic18-lt\cxx-framework\src\traditional\proc\p18f27j13.asm
               PPSCONbits   0x000ebf       data     extern E:\c18v3.46\pic18-lt\cxx-framework\src\traditional\proc\p18f27j13.asm
                      PR2   0x000fcb       data     extern E:\c18v3.46\pic18-lt\cxx-framework\src\traditional\proc\p18f27j13.asm
                      PR4   0x000f77       data     extern E:\c18v3.46\pic18-lt\cxx-framework\src\traditional\proc\p18f27j13.asm
                      PR6   0x000f1f       data     extern E:\c18v3.46\pic18-lt\cxx-framework\src\traditional\proc\p18f27j13.asm
                      PR8   0x000f1c       data     extern E:\c18v3.46\pic18-lt\cxx-framework\src\traditional\proc\p18f27j13.asm
                  PREINC0   0x000fec       data     extern E:\c18v3.46\pic18-lt\cxx-framework\src\traditional\proc\p18f27j13.asm
                  PREINC1   0x000fe4       data     extern E:\c18v3.46\pic18-lt\cxx-framework\src\traditional\proc\p18f27j13.asm
                  PREINC2   0x000fdc       data     extern E:\c18v3.46\pic18-lt\cxx-framework\src\traditional\proc\p18f27j13.asm
                     PROD   0x000ff3       data     extern E:\c18v3.46\pic18-lt\cxx-framework\src\traditional\proc\p18f27j13.asm
                    PRODH   0x000ff4       data     extern E:\c18v3.46\pic18-lt\cxx-framework\src\traditional\proc\p18f27j13.asm
                    PRODL   0x000ff3       data     extern E:\c18v3.46\pic18-lt\cxx-framework\src\traditional\proc\p18f27j13.asm
                 PSTR1CON   0x000fbf       data     extern E:\c18v3.46\pic18-lt\cxx-framework\src\traditional\proc\p18f27j13.asm
             PSTR1CONbits   0x000fbf       data     extern E:\c18v3.46\pic18-lt\cxx-framework\src\traditional\proc\p18f27j13.asm
                 PSTR2CON   0x000fb9       data     extern E:\c18v3.46\pic18-lt\cxx-framework\src\traditional\proc\p18f27j13.asm
             PSTR2CONbits   0x000fb9       data     extern E:\c18v3.46\pic18-lt\cxx-framework\src\traditional\proc\p18f27j13.asm
                 PSTR3CON   0x000f1a       data     extern E:\c18v3.46\pic18-lt\cxx-framework\src\traditional\proc\p18f27j13.asm
             PSTR3CONbits   0x000f1a       data     extern E:\c18v3.46\pic18-lt\cxx-framework\src\traditional\proc\p18f27j13.asm
                  PWM1CON   0x000fbd       data     extern E:\c18v3.46\pic18-lt\cxx-framework\src\traditional\proc\p18f27j13.asm
              PWM1CONbits   0x000fbd       data     extern E:\c18v3.46\pic18-lt\cxx-framework\src\traditional\proc\p18f27j13.asm
                  PWM2CON   0x000fb7       data     extern E:\c18v3.46\pic18-lt\cxx-framework\src\traditional\proc\p18f27j13.asm
              PWM2CONbits   0x000fb7       data     extern E:\c18v3.46\pic18-lt\cxx-framework\src\traditional\proc\p18f27j13.asm
                     RCON   0x000fd0       data     extern E:\c18v3.46\pic18-lt\cxx-framework\src\traditional\proc\p18f27j13.asm
                 RCONbits   0x000fd0       data     extern E:\c18v3.46\pic18-lt\cxx-framework\src\traditional\proc\p18f27j13.asm
                    RCREG   0x000faf       data     extern E:\c18v3.46\pic18-lt\cxx-framework\src\traditional\proc\p18f27j13.asm
                   RCREG1   0x000faf       data     extern E:\c18v3.46\pic18-lt\cxx-framework\src\traditional\proc\p18f27j13.asm
                   RCREG2   0x000faa       data     extern E:\c18v3.46\pic18-lt\cxx-framework\src\traditional\proc\p18f27j13.asm
                    RCSTA   0x000fac       data     extern E:\c18v3.46\pic18-lt\cxx-framework\src\traditional\proc\p18f27j13.asm
                   RCSTA1   0x000fac       data     extern E:\c18v3.46\pic18-lt\cxx-framework\src\traditional\proc\p18f27j13.asm
               RCSTA1bits   0x000fac       data     extern E:\c18v3.46\pic18-lt\cxx-framework\src\traditional\proc\p18f27j13.asm
                   RCSTA2   0x000f9c       data     extern E:\c18v3.46\pic18-lt\cxx-framework\src\traditional\proc\p18f27j13.asm
               RCSTA2bits   0x000f9c       data     extern E:\c18v3.46\pic18-lt\cxx-framework\src\traditional\proc\p18f27j13.asm
                RCSTAbits   0x000fac       data     extern E:\c18v3.46\pic18-lt\cxx-framework\src\traditional\proc\p18f27j13.asm
                  REFOCON   0x000f3d       data     extern E:\c18v3.46\pic18-lt\cxx-framework\src\traditional\proc\p18f27j13.asm
              REFOCONbits   0x000f3d       data     extern E:\c18v3.46\pic18-lt\cxx-framework\src\traditional\proc\p18f27j13.asm
                   RPINR1   0x000ee1       data     extern E:\c18v3.46\pic18-lt\cxx-framework\src\traditional\proc\p18f27j13.asm
                  RPINR12   0x000ef2       data     extern E:\c18v3.46\pic18-lt\cxx-framework\src\traditional\proc\p18f27j13.asm
                  RPINR13   0x000ef3       data     extern E:\c18v3.46\pic18-lt\cxx-framework\src\traditional\proc\p18f27j13.asm
                  RPINR14   0x000ef4       data     extern E:\c18v3.46\pic18-lt\cxx-framework\src\traditional\proc\p18f27j13.asm
                  RPINR15   0x000ee7       data     extern E:\c18v3.46\pic18-lt\cxx-framework\src\traditional\proc\p18f27j13.asm
                  RPINR16   0x000ef7       data     extern E:\c18v3.46\pic18-lt\cxx-framework\src\traditional\proc\p18f27j13.asm
                  RPINR17   0x000ef8       data     extern E:\c18v3.46\pic18-lt\cxx-framework\src\traditional\proc\p18f27j13.asm
                   RPINR2   0x000ee2       data     extern E:\c18v3.46\pic18-lt\cxx-framework\src\traditional\proc\p18f27j13.asm
                  RPINR21   0x000efc       data     extern E:\c18v3.46\pic18-lt\cxx-framework\src\traditional\proc\p18f27j13.asm
                  RPINR22   0x000efd       data     extern E:\c18v3.46\pic18-lt\cxx-framework\src\traditional\proc\p18f27j13.asm
                  RPINR23   0x000efe       data     extern E:\c18v3.46\pic18-lt\cxx-framework\src\traditional\proc\p18f27j13.asm
                  RPINR24   0x000eff       data     extern E:\c18v3.46\pic18-lt\cxx-framework\src\traditional\proc\p18f27j13.asm
                   RPINR3   0x000ee3       data     extern E:\c18v3.46\pic18-lt\cxx-framework\src\traditional\proc\p18f27j13.asm
                   RPINR4   0x000ee4       data     extern E:\c18v3.46\pic18-lt\cxx-framework\src\traditional\proc\p18f27j13.asm
                   RPINR6   0x000ee6       data     extern E:\c18v3.46\pic18-lt\cxx-framework\src\traditional\proc\p18f27j13.asm
                   RPINR7   0x000ee8       data     extern E:\c18v3.46\pic18-lt\cxx-framework\src\traditional\proc\p18f27j13.asm
                   RPINR8   0x000ee9       data     extern E:\c18v3.46\pic18-lt\cxx-framework\src\traditional\proc\p18f27j13.asm
                   RPINR9   0x000eea       data     extern E:\c18v3.46\pic18-lt\cxx-framework\src\traditional\proc\p18f27j13.asm
                    RPOR0   0x000ec0       data     extern E:\c18v3.46\pic18-lt\cxx-framework\src\traditional\proc\p18f27j13.asm
                    RPOR1   0x000ec1       data     extern E:\c18v3.46\pic18-lt\cxx-framework\src\traditional\proc\p18f27j13.asm
                   RPOR10   0x000eca       data     extern E:\c18v3.46\pic18-lt\cxx-framework\src\traditional\proc\p18f27j13.asm
                   RPOR11   0x000ecb       data     extern E:\c18v3.46\pic18-lt\cxx-framework\src\traditional\proc\p18f27j13.asm
                   RPOR12   0x000ecc       data     extern E:\c18v3.46\pic18-lt\cxx-framework\src\traditional\proc\p18f27j13.asm
                   RPOR13   0x000ecd       data     extern E:\c18v3.46\pic18-lt\cxx-framework\src\traditional\proc\p18f27j13.asm
                   RPOR14   0x000ece       data     extern E:\c18v3.46\pic18-lt\cxx-framework\src\traditional\proc\p18f27j13.asm
                   RPOR15   0x000ecf       data     extern E:\c18v3.46\pic18-lt\cxx-framework\src\traditional\proc\p18f27j13.asm
                   RPOR16   0x000ed0       data     extern E:\c18v3.46\pic18-lt\cxx-framework\src\traditional\proc\p18f27j13.asm
                   RPOR17   0x000ed1       data     extern E:\c18v3.46\pic18-lt\cxx-framework\src\traditional\proc\p18f27j13.asm
                   RPOR18   0x000ed2       data     extern E:\c18v3.46\pic18-lt\cxx-framework\src\traditional\proc\p18f27j13.asm
                    RPOR2   0x000ec2       data     extern E:\c18v3.46\pic18-lt\cxx-framework\src\traditional\proc\p18f27j13.asm
                    RPOR3   0x000ec3       data     extern E:\c18v3.46\pic18-lt\cxx-framework\src\traditional\proc\p18f27j13.asm
                    RPOR4   0x000ec4       data     extern E:\c18v3.46\pic18-lt\cxx-framework\src\traditional\proc\p18f27j13.asm
                    RPOR5   0x000ec5       data     extern E:\c18v3.46\pic18-lt\cxx-framework\src\traditional\proc\p18f27j13.asm
                    RPOR6   0x000ec6       data     extern E:\c18v3.46\pic18-lt\cxx-framework\src\traditional\proc\p18f27j13.asm
                    RPOR7   0x000ec7       data     extern E:\c18v3.46\pic18-lt\cxx-framework\src\traditional\proc\p18f27j13.asm
                    RPOR8   0x000ec8       data     extern E:\c18v3.46\pic18-lt\cxx-framework\src\traditional\proc\p18f27j13.asm
                    RPOR9   0x000ec9       data     extern E:\c18v3.46\pic18-lt\cxx-framework\src\traditional\proc\p18f27j13.asm
                   RTCCAL   0x000f3e       data     extern E:\c18v3.46\pic18-lt\cxx-framework\src\traditional\proc\p18f27j13.asm
               RTCCALbits   0x000f3e       data     extern E:\c18v3.46\pic18-lt\cxx-framework\src\traditional\proc\p18f27j13.asm
                   RTCCFG   0x000f3f       data     extern E:\c18v3.46\pic18-lt\cxx-framework\src\traditional\proc\p18f27j13.asm
               RTCCFGbits   0x000f3f       data     extern E:\c18v3.46\pic18-lt\cxx-framework\src\traditional\proc\p18f27j13.asm
                  RTCVALH   0x000f3b       data     extern E:\c18v3.46\pic18-lt\cxx-framework\src\traditional\proc\p18f27j13.asm
                  RTCVALL   0x000f3a       data     extern E:\c18v3.46\pic18-lt\cxx-framework\src\traditional\proc\p18f27j13.asm
                  RXADDRH   0x000f68       data     extern E:\c18v3.46\pic18-lt\cxx-framework\src\traditional\proc\p18f27j13.asm
              RXADDRHbits   0x000f68       data     extern E:\c18v3.46\pic18-lt\cxx-framework\src\traditional\proc\p18f27j13.asm
                  RXADDRL   0x000f69       data     extern E:\c18v3.46\pic18-lt\cxx-framework\src\traditional\proc\p18f27j13.asm
                     SIGN   0x000004       data     extern E:\c18v3.46\pic18-lt\cxx-framework\src\traditional\math\cmath18.asm
                    SPBRG   0x000fb0       data     extern E:\c18v3.46\pic18-lt\cxx-framework\src\traditional\proc\p18f27j13.asm
                   SPBRG1   0x000fb0       data     extern E:\c18v3.46\pic18-lt\cxx-framework\src\traditional\proc\p18f27j13.asm
                   SPBRG2   0x000fab       data     extern E:\c18v3.46\pic18-lt\cxx-framework\src\traditional\proc\p18f27j13.asm
                   SPBRGH   0x000f7f       data     extern E:\c18v3.46\pic18-lt\cxx-framework\src\traditional\proc\p18f27j13.asm
                  SPBRGH1   0x000f7f       data     extern E:\c18v3.46\pic18-lt\cxx-framework\src\traditional\proc\p18f27j13.asm
                  SPBRGH2   0x000f7d       data     extern E:\c18v3.46\pic18-lt\cxx-framework\src\traditional\proc\p18f27j13.asm
                  SSP1ADD   0x000fc8       data     extern E:\c18v3.46\pic18-lt\cxx-framework\src\traditional\proc\p18f27j13.asm
                  SSP1BUF   0x000fc9       data     extern E:\c18v3.46\pic18-lt\cxx-framework\src\traditional\proc\p18f27j13.asm
                 SSP1CON1   0x000fc6       data     extern E:\c18v3.46\pic18-lt\cxx-framework\src\traditional\proc\p18f27j13.asm
             SSP1CON1bits   0x000fc6       data     extern E:\c18v3.46\pic18-lt\cxx-framework\src\traditional\proc\p18f27j13.asm
                 SSP1CON2   0x000fc5       data     extern E:\c18v3.46\pic18-lt\cxx-framework\src\traditional\proc\p18f27j13.asm
             SSP1CON2bits   0x000fc5       data     extern E:\c18v3.46\pic18-lt\cxx-framework\src\traditional\proc\p18f27j13.asm
                  SSP1MSK   0x000fc8       data     extern E:\c18v3.46\pic18-lt\cxx-framework\src\traditional\proc\p18f27j13.asm
              SSP1MSKbits   0x000fc8       data     extern E:\c18v3.46\pic18-lt\cxx-framework\src\traditional\proc\p18f27j13.asm
                 SSP1STAT   0x000fc7       data     extern E:\c18v3.46\pic18-lt\cxx-framework\src\traditional\proc\p18f27j13.asm
             SSP1STATbits   0x000fc7       data     extern E:\c18v3.46\pic18-lt\cxx-framework\src\traditional\proc\p18f27j13.asm
                  SSP2ADD   0x000f74       data     extern E:\c18v3.46\pic18-lt\cxx-framework\src\traditional\proc\p18f27j13.asm
                  SSP2BUF   0x000f75       data     extern E:\c18v3.46\pic18-lt\cxx-framework\src\traditional\proc\p18f27j13.asm
                 SSP2CON1   0x000f72       data     extern E:\c18v3.46\pic18-lt\cxx-framework\src\traditional\proc\p18f27j13.asm
             SSP2CON1bits   0x000f72       data     extern E:\c18v3.46\pic18-lt\cxx-framework\src\traditional\proc\p18f27j13.asm
                 SSP2CON2   0x000f71       data     extern E:\c18v3.46\pic18-lt\cxx-framework\src\traditional\proc\p18f27j13.asm
             SSP2CON2bits   0x000f71       data     extern E:\c18v3.46\pic18-lt\cxx-framework\src\traditional\proc\p18f27j13.asm
                  SSP2MSK   0x000f74       data     extern E:\c18v3.46\pic18-lt\cxx-framework\src\traditional\proc\p18f27j13.asm
              SSP2MSKbits   0x000f74       data     extern E:\c18v3.46\pic18-lt\cxx-framework\src\traditional\proc\p18f27j13.asm
                 SSP2STAT   0x000f73       data     extern E:\c18v3.46\pic18-lt\cxx-framework\src\traditional\proc\p18f27j13.asm
             SSP2STATbits   0x000f73       data     extern E:\c18v3.46\pic18-lt\cxx-framework\src\traditional\proc\p18f27j13.asm
                   SSPADD   0x000fc8       data     extern E:\c18v3.46\pic18-lt\cxx-framework\src\traditional\proc\p18f27j13.asm
                   SSPBUF   0x000fc9       data     extern E:\c18v3.46\pic18-lt\cxx-framework\src\traditional\proc\p18f27j13.asm
                  SSPCON1   0x000fc6       data     extern E:\c18v3.46\pic18-lt\cxx-framework\src\traditional\proc\p18f27j13.asm
              SSPCON1bits   0x000fc6       data     extern E:\c18v3.46\pic18-lt\cxx-framework\src\traditional\proc\p18f27j13.asm
                  SSPCON2   0x000fc5       data     extern E:\c18v3.46\pic18-lt\cxx-framework\src\traditional\proc\p18f27j13.asm
              SSPCON2bits   0x000fc5       data     extern E:\c18v3.46\pic18-lt\cxx-framework\src\traditional\proc\p18f27j13.asm
                  SSPSTAT   0x000fc7       data     extern E:\c18v3.46\pic18-lt\cxx-framework\src\traditional\proc\p18f27j13.asm
              SSPSTATbits   0x000fc7       data     extern E:\c18v3.46\pic18-lt\cxx-framework\src\traditional\proc\p18f27j13.asm
                   STATUS   0x000fd8       data     extern E:\c18v3.46\pic18-lt\cxx-framework\src\traditional\proc\p18f27j13.asm
               STATUSbits   0x000fd8       data     extern E:\c18v3.46\pic18-lt\cxx-framework\src\traditional\proc\p18f27j13.asm
                   STKPTR   0x000ffc       data     extern E:\c18v3.46\pic18-lt\cxx-framework\src\traditional\proc\p18f27j13.asm
               STKPTRbits   0x000ffc       data     extern E:\c18v3.46\pic18-lt\cxx-framework\src\traditional\proc\p18f27j13.asm
                    T0CON   0x000fd5       data     extern E:\c18v3.46\pic18-lt\cxx-framework\src\traditional\proc\p18f27j13.asm
                T0CONbits   0x000fd5       data     extern E:\c18v3.46\pic18-lt\cxx-framework\src\traditional\proc\p18f27j13.asm
                    T1CON   0x000fcd       data     extern E:\c18v3.46\pic18-lt\cxx-framework\src\traditional\proc\p18f27j13.asm
                T1CONbits   0x000fcd       data     extern E:\c18v3.46\pic18-lt\cxx-framework\src\traditional\proc\p18f27j13.asm
                   T1GCON   0x000f9a       data     extern E:\c18v3.46\pic18-lt\cxx-framework\src\traditional\proc\p18f27j13.asm
               T1GCONbits   0x000f9a       data     extern E:\c18v3.46\pic18-lt\cxx-framework\src\traditional\proc\p18f27j13.asm
                    T2CON   0x000fca       data     extern E:\c18v3.46\pic18-lt\cxx-framework\src\traditional\proc\p18f27j13.asm
                T2CONbits   0x000fca       data     extern E:\c18v3.46\pic18-lt\cxx-framework\src\traditional\proc\p18f27j13.asm
                    T3CON   0x000f79       data     extern E:\c18v3.46\pic18-lt\cxx-framework\src\traditional\proc\p18f27j13.asm
                T3CONbits   0x000f79       data     extern E:\c18v3.46\pic18-lt\cxx-framework\src\traditional\proc\p18f27j13.asm
                   T3GCON   0x000f97       data     extern E:\c18v3.46\pic18-lt\cxx-framework\src\traditional\proc\p18f27j13.asm
               T3GCONbits   0x000f97       data     extern E:\c18v3.46\pic18-lt\cxx-framework\src\traditional\proc\p18f27j13.asm
                    T4CON   0x000f76       data     extern E:\c18v3.46\pic18-lt\cxx-framework\src\traditional\proc\p18f27j13.asm
                T4CONbits   0x000f76       data     extern E:\c18v3.46\pic18-lt\cxx-framework\src\traditional\proc\p18f27j13.asm
                    T5CON   0x000f22       data     extern E:\c18v3.46\pic18-lt\cxx-framework\src\traditional\proc\p18f27j13.asm
                T5CONbits   0x000f22       data     extern E:\c18v3.46\pic18-lt\cxx-framework\src\traditional\proc\p18f27j13.asm
                   T5GCON   0x000f21       data     extern E:\c18v3.46\pic18-lt\cxx-framework\src\traditional\proc\p18f27j13.asm
               T5GCONbits   0x000f21       data     extern E:\c18v3.46\pic18-lt\cxx-framework\src\traditional\proc\p18f27j13.asm
                    T6CON   0x000f1e       data     extern E:\c18v3.46\pic18-lt\cxx-framework\src\traditional\proc\p18f27j13.asm
                T6CONbits   0x000f1e       data     extern E:\c18v3.46\pic18-lt\cxx-framework\src\traditional\proc\p18f27j13.asm
                    T8CON   0x000f1b       data     extern E:\c18v3.46\pic18-lt\cxx-framework\src\traditional\proc\p18f27j13.asm
                T8CONbits   0x000f1b       data     extern E:\c18v3.46\pic18-lt\cxx-framework\src\traditional\proc\p18f27j13.asm
                   TABLAT   0x000ff5       data     extern E:\c18v3.46\pic18-lt\cxx-framework\src\traditional\proc\p18f27j13.asm
                   TBLPTR   0x000ff6       data     extern E:\c18v3.46\pic18-lt\cxx-framework\src\traditional\proc\p18f27j13.asm
                  TBLPTRH   0x000ff7       data     extern E:\c18v3.46\pic18-lt\cxx-framework\src\traditional\proc\p18f27j13.asm
                  TBLPTRL   0x000ff6       data     extern E:\c18v3.46\pic18-lt\cxx-framework\src\traditional\proc\p18f27j13.asm
                  TBLPTRU   0x000ff8       data     extern E:\c18v3.46\pic18-lt\cxx-framework\src\traditional\proc\p18f27j13.asm
                    TMR0H   0x000fd7       data     extern E:\c18v3.46\pic18-lt\cxx-framework\src\traditional\proc\p18f27j13.asm
                    TMR0L   0x000fd6       data     extern E:\c18v3.46\pic18-lt\cxx-framework\src\traditional\proc\p18f27j13.asm
                    TMR1H   0x000fcf       data     extern E:\c18v3.46\pic18-lt\cxx-framework\src\traditional\proc\p18f27j13.asm
                    TMR1L   0x000fce       data     extern E:\c18v3.46\pic18-lt\cxx-framework\src\traditional\proc\p18f27j13.asm
                     TMR2   0x000fcc       data     extern E:\c18v3.46\pic18-lt\cxx-framework\src\traditional\proc\p18f27j13.asm
                    TMR3H   0x000f7b       data     extern E:\c18v3.46\pic18-lt\cxx-framework\src\traditional\proc\p18f27j13.asm
                    TMR3L   0x000f7a       data     extern E:\c18v3.46\pic18-lt\cxx-framework\src\traditional\proc\p18f27j13.asm
                     TMR4   0x000f78       data     extern E:\c18v3.46\pic18-lt\cxx-framework\src\traditional\proc\p18f27j13.asm
                    TMR5H   0x000f24       data     extern E:\c18v3.46\pic18-lt\cxx-framework\src\traditional\proc\p18f27j13.asm
                    TMR5L   0x000f23       data     extern E:\c18v3.46\pic18-lt\cxx-framework\src\traditional\proc\p18f27j13.asm
                     TMR6   0x000f20       data     extern E:\c18v3.46\pic18-lt\cxx-framework\src\traditional\proc\p18f27j13.asm
                     TMR8   0x000f1d       data     extern E:\c18v3.46\pic18-lt\cxx-framework\src\traditional\proc\p18f27j13.asm
                      TOS   0x000ffd       data     extern E:\c18v3.46\pic18-lt\cxx-framework\src\traditional\proc\p18f27j13.asm
                     TOSH   0x000ffe       data     extern E:\c18v3.46\pic18-lt\cxx-framework\src\traditional\proc\p18f27j13.asm
                     TOSL   0x000ffd       data     extern E:\c18v3.46\pic18-lt\cxx-framework\src\traditional\proc\p18f27j13.asm
                     TOSU   0x000fff       data     extern E:\c18v3.46\pic18-lt\cxx-framework\src\traditional\proc\p18f27j13.asm
                    TRISA   0x000f92       data     extern E:\c18v3.46\pic18-lt\cxx-framework\src\traditional\proc\p18f27j13.asm
                TRISAbits   0x000f92       data     extern E:\c18v3.46\pic18-lt\cxx-framework\src\traditional\proc\p18f27j13.asm
                    TRISB   0x000f93       data     extern E:\c18v3.46\pic18-lt\cxx-framework\src\traditional\proc\p18f27j13.asm
                TRISBbits   0x000f93       data     extern E:\c18v3.46\pic18-lt\cxx-framework\src\traditional\proc\p18f27j13.asm
                    TRISC   0x000f94       data     extern E:\c18v3.46\pic18-lt\cxx-framework\src\traditional\proc\p18f27j13.asm
                TRISCbits   0x000f94       data     extern E:\c18v3.46\pic18-lt\cxx-framework\src\traditional\proc\p18f27j13.asm
                  TXADDRH   0x000f6a       data     extern E:\c18v3.46\pic18-lt\cxx-framework\src\traditional\proc\p18f27j13.asm
              TXADDRHbits   0x000f6a       data     extern E:\c18v3.46\pic18-lt\cxx-framework\src\traditional\proc\p18f27j13.asm
                  TXADDRL   0x000f6b       data     extern E:\c18v3.46\pic18-lt\cxx-framework\src\traditional\proc\p18f27j13.asm
                    TXREG   0x000fae       data     extern E:\c18v3.46\pic18-lt\cxx-framework\src\traditional\proc\p18f27j13.asm
                   TXREG1   0x000fae       data     extern E:\c18v3.46\pic18-lt\cxx-framework\src\traditional\proc\p18f27j13.asm
                   TXREG2   0x000fa9       data     extern E:\c18v3.46\pic18-lt\cxx-framework\src\traditional\proc\p18f27j13.asm
                    TXSTA   0x000fad       data     extern E:\c18v3.46\pic18-lt\cxx-framework\src\traditional\proc\p18f27j13.asm
                   TXSTA1   0x000fad       data     extern E:\c18v3.46\pic18-lt\cxx-framework\src\traditional\proc\p18f27j13.asm
               TXSTA1bits   0x000fad       data     extern E:\c18v3.46\pic18-lt\cxx-framework\src\traditional\proc\p18f27j13.asm
                   TXSTA2   0x000fa8       data     extern E:\c18v3.46\pic18-lt\cxx-framework\src\traditional\proc\p18f27j13.asm
               TXSTA2bits   0x000fa8       data     extern E:\c18v3.46\pic18-lt\cxx-framework\src\traditional\proc\p18f27j13.asm
                TXSTAbits   0x000fad       data     extern E:\c18v3.46\pic18-lt\cxx-framework\src\traditional\proc\p18f27j13.asm
                   WDTCON   0x000fc0       data     extern E:\c18v3.46\pic18-lt\cxx-framework\src\traditional\proc\p18f27j13.asm
               WDTCONbits   0x000fc0       data     extern E:\c18v3.46\pic18-lt\cxx-framework\src\traditional\proc\p18f27j13.asm
                     WREG   0x000fe8       data     extern E:\c18v3.46\pic18-lt\cxx-framework\src\traditional\proc\p18f27j13.asm
                __FPFLAGS   0x000005       data     extern E:\c18v3.46\pic18-lt\cxx-framework\src\traditional\math\cmath18.asm
            __FPFLAGSbits   0x000005       data     extern E:\c18v3.46\pic18-lt\cxx-framework\src\traditional\math\cmath18.asm
                  __tmp_0   0x000000       data     static C:\Users\Tim\Documents\Emilia\githubRepos\Senior-Design-Micromouse\Code\MplabBench\CodeMerge\main.c
                  __tmp_0   0x000000       data     static E:\c18v3.46\pic18-lt\cxx-framework\src\pmc_common\ADC\adcread.c
             canCallTuple   0x000064       data     extern C:\Users\Tim\Documents\Emilia\githubRepos\Senior-Design-Micromouse\Code\MplabBench\CodeMerge\main.c
               cmTraveled   0x000060       data     extern C:\Users\Tim\Documents\Emilia\githubRepos\Senior-Design-Micromouse\Code\MplabBench\CodeMerge\main.c
                curr_byte   0x00008b       data     static E:\c18v3.46\pic18-lt\cxx-framework\src\traditional\startup\c018i.c
               curr_entry   0x00008d       data     static E:\c18v3.46\pic18-lt\cxx-framework\src\traditional\startup\c018i.c
                 data_ptr   0x00008f       data     static E:\c18v3.46\pic18-lt\cxx-framework\src\traditional\startup\c018i.c
           hardcodedAgent   0x000087       data     extern C:\Users\Tim\Documents\Emilia\githubRepos\Senior-Design-Micromouse\Code\MplabBench\CodeMerge\main.c
                   irCvtL   0x000065       data     extern C:\Users\Tim\Documents\Emilia\githubRepos\Senior-Design-Micromouse\Code\MplabBench\CodeMerge\main.c
                 irCvtLP1   0x00006b       data     extern C:\Users\Tim\Documents\Emilia\githubRepos\Senior-Design-Micromouse\Code\MplabBench\CodeMerge\main.c
                 irCvtLP2   0x00006f       data     extern C:\Users\Tim\Documents\Emilia\githubRepos\Senior-Design-Micromouse\Code\MplabBench\CodeMerge\main.c
                 irCvtLP3   0x000073       data     extern C:\Users\Tim\Documents\Emilia\githubRepos\Senior-Design-Micromouse\Code\MplabBench\CodeMerge\main.c
                 irCvtLP4   0x000077       data     extern C:\Users\Tim\Documents\Emilia\githubRepos\Senior-Design-Micromouse\Code\MplabBench\CodeMerge\main.c
                   irCvtR   0x000067       data     extern C:\Users\Tim\Documents\Emilia\githubRepos\Senior-Design-Micromouse\Code\MplabBench\CodeMerge\main.c
                 irCvtRP1   0x00006d       data     extern C:\Users\Tim\Documents\Emilia\githubRepos\Senior-Design-Micromouse\Code\MplabBench\CodeMerge\main.c
                 irCvtRP2   0x000071       data     extern C:\Users\Tim\Documents\Emilia\githubRepos\Senior-Design-Micromouse\Code\MplabBench\CodeMerge\main.c
                 irCvtRP3   0x000075       data     extern C:\Users\Tim\Documents\Emilia\githubRepos\Senior-Design-Micromouse\Code\MplabBench\CodeMerge\main.c
                 irCvtRP4   0x000079       data     extern C:\Users\Tim\Documents\Emilia\githubRepos\Senior-Design-Micromouse\Code\MplabBench\CodeMerge\main.c
                   irCvtS   0x000069       data     extern C:\Users\Tim\Documents\Emilia\githubRepos\Senior-Design-Micromouse\Code\MplabBench\CodeMerge\main.c
                 leftWall   0x000061       data     extern C:\Users\Tim\Documents\Emilia\githubRepos\Senior-Design-Micromouse\Code\MplabBench\CodeMerge\main.c
                  noWallL   0x00007b       data     extern C:\Users\Tim\Documents\Emilia\githubRepos\Senior-Design-Micromouse\Code\MplabBench\CodeMerge\main.c
                  noWallR   0x00007d       data     extern C:\Users\Tim\Documents\Emilia\githubRepos\Senior-Design-Micromouse\Code\MplabBench\CodeMerge\main.c
                     prom   0x000088       data     static E:\c18v3.46\pic18-lt\cxx-framework\src\traditional\startup\c018i.c
                rightWall   0x000062       data     extern C:\Users\Tim\Documents\Emilia\githubRepos\Senior-Design-Micromouse\Code\MplabBench\CodeMerge\main.c
             straightWall   0x000063       data     extern C:\Users\Tim\Documents\Emilia\githubRepos\Senior-Design-Micromouse\Code\MplabBench\CodeMerge\main.c
                  stuck0H   0x000084       data     extern C:\Users\Tim\Documents\Emilia\githubRepos\Senior-Design-Micromouse\Code\MplabBench\CodeMerge\main.c
                  stuck0L   0x000083       data     extern C:\Users\Tim\Documents\Emilia\githubRepos\Senior-Design-Micromouse\Code\MplabBench\CodeMerge\main.c
                  stuck1H   0x000086       data     extern C:\Users\Tim\Documents\Emilia\githubRepos\Senior-Design-Micromouse\Code\MplabBench\CodeMerge\main.c
                  stuck1L   0x000085       data     extern C:\Users\Tim\Documents\Emilia\githubRepos\Senior-Design-Micromouse\Code\MplabBench\CodeMerge\main.c
                traveled0   0x00007f       data     extern C:\Users\Tim\Documents\Emilia\githubRepos\Senior-Design-Micromouse\Code\MplabBench\CodeMerge\main.c
                traveled1   0x000081       data     extern C:\Users\Tim\Documents\Emilia\githubRepos\Senior-Design-Micromouse\Code\MplabBench\CodeMerge\main.c



                              Symbols - Sorted by Address
                     Name    Address   Location    Storage File                     
                ---------  ---------  ---------  --------- ---------                
                   _entry   0x000000    program     extern E:\c18v3.46\pic18-lt\cxx-framework\src\traditional\startup\c018i.c
       ___return_lbl00000   0x000004    program     static                          
                     main   0x000014    program     extern C:\Users\Tim\Documents\Emilia\githubRepos\Senior-Design-Micromouse\Code\MplabBench\CodeMerge\main.c
        ___while_lbl00001   0x00005c    program     static                          
               __tmplbl_1   0x000074    program     static                          
               __tmplbl_0   0x00007c    program     static                          
           ___if_lbl00004   0x000090    program     static                          
               __tmplbl_3   0x0000f0    program     static                          
               __tmplbl_2   0x0000f8    program     static                          
              __tmplbl_90   0x000118    program     static                          
               __tmplbl_5   0x000128    program     static                          
               __tmplbl_4   0x00014a    program     static                          
         ___else_lbl00012   0x000160    program     static                          
              __tmplbl_91   0x000170    program     static                          
               __tmplbl_7   0x000180    program     static                          
               __tmplbl_6   0x0001a2    program     static                          
         ___else_lbl00010   0x0001b8    program     static                          
           ___if_lbl00013   0x0001da    program     static                          
           ___if_lbl00011   0x0001da    program     static                          
           ___if_lbl00009   0x0001da    program     static                          
           ___if_lbl00008   0x0001da    program     static                          
        ___while_lbl00002   0x00021e    program     static                          
       ___return_lbl00000   0x00021e    program     static                          
                ifSuicide   0x000232    program     extern C:\Users\Tim\Documents\Emilia\githubRepos\Senior-Design-Micromouse\Code\MplabBench\CodeMerge\main.c
            ifAutocorrect   0x000398    program     extern C:\Users\Tim\Documents\Emilia\githubRepos\Senior-Design-Micromouse\Code\MplabBench\CodeMerge\main.c
              autocorrect   0x00042e    program     extern C:\Users\Tim\Documents\Emilia\githubRepos\Senior-Design-Micromouse\Code\MplabBench\CodeMerge\main.c
            init4StepPoll   0x0004ee    program     extern C:\Users\Tim\Documents\Emilia\githubRepos\Senior-Design-Micromouse\Code\MplabBench\CodeMerge\main.c
             makeDecision   0x000626    program     extern C:\Users\Tim\Documents\Emilia\githubRepos\Senior-Design-Micromouse\Code\MplabBench\CodeMerge\main.c
                adConvert   0x000900    program     extern C:\Users\Tim\Documents\Emilia\githubRepos\Senior-Design-Micromouse\Code\MplabBench\CodeMerge\main.c
        ___while_lbl00156   0x000926    program     static                          
        ___while_lbl00157   0x00092e    program     static                          
       ___return_lbl00155   0x000950    program     static                          
                goForward   0x000964    program     extern C:\Users\Tim\Documents\Emilia\githubRepos\Senior-Design-Micromouse\Code\MplabBench\CodeMerge\main.c
        ___while_lbl00159   0x0009d6    program     static                          
              __tmplbl_92   0x0009f6    program     static                          
              __tmplbl_83   0x000a3a    program     static                          
              __tmplbl_82   0x000a40    program     static                          
         ___else_lbl00165   0x000a4e    program     static                          
              __tmplbl_85   0x000a5e    program     static                          
              __tmplbl_84   0x000a64    program     static                          
           ___if_lbl00164   0x000a70    program     static                          
           ___if_lbl00163   0x000a70    program     static                          
           ___if_lbl00166   0x000ab0    program     static                          
         ___else_lbl00169   0x000b20    program     static                          
           ___if_lbl00170   0x000b40    program     static                          
           ___if_lbl00168   0x000b40    program     static                          
           ___if_lbl00167   0x000b40    program     static                          
           ___if_lbl00172   0x000b58    program     static                          
           ___if_lbl00171   0x000b58    program     static                          
        ___while_lbl00160   0x000b5a    program     static                          
        ___while_lbl00173   0x000bbc    program     static                          
        ___while_lbl00174   0x000bf8    program     static                          
       ___return_lbl00158   0x000bfc    program     static                          
           ___if_lbl00176   0x000bfc    program     static                          
           ___if_lbl00175   0x000bfc    program     static                          
                     turn   0x000c10    program     extern C:\Users\Tim\Documents\Emilia\githubRepos\Senior-Design-Micromouse\Code\MplabBench\CodeMerge\main.c
[...]
                   RCREG2   0x000faa       data     extern E:\c18v3.46\pic18-lt\cxx-framework\src\traditional\proc\p18f27j13.asm
                   SPBRG2   0x000fab       data     extern E:\c18v3.46\pic18-lt\cxx-framework\src\traditional\proc\p18f27j13.asm
                RCSTAbits   0x000fac       data     extern E:\c18v3.46\pic18-lt\cxx-framework\src\traditional\proc\p18f27j13.asm
               RCSTA1bits   0x000fac       data     extern E:\c18v3.46\pic18-lt\cxx-framework\src\traditional\proc\p18f27j13.asm
                   RCSTA1   0x000fac       data     extern E:\c18v3.46\pic18-lt\cxx-framework\src\traditional\proc\p18f27j13.asm
                    RCSTA   0x000fac       data     extern E:\c18v3.46\pic18-lt\cxx-framework\src\traditional\proc\p18f27j13.asm
               TXSTA1bits   0x000fad       data     extern E:\c18v3.46\pic18-lt\cxx-framework\src\traditional\proc\p18f27j13.asm
                   TXSTA1   0x000fad       data     extern E:\c18v3.46\pic18-lt\cxx-framework\src\traditional\proc\p18f27j13.asm
                TXSTAbits   0x000fad       data     extern E:\c18v3.46\pic18-lt\cxx-framework\src\traditional\proc\p18f27j13.asm
                    TXSTA   0x000fad       data     extern E:\c18v3.46\pic18-lt\cxx-framework\src\traditional\proc\p18f27j13.asm
                   TXREG1   0x000fae       data     extern E:\c18v3.46\pic18-lt\cxx-framework\src\traditional\proc\p18f27j13.asm
                    TXREG   0x000fae       data     extern E:\c18v3.46\pic18-lt\cxx-framework\src\traditional\proc\p18f27j13.asm
                    RCREG   0x000faf       data     extern E:\c18v3.46\pic18-lt\cxx-framework\src\traditional\proc\p18f27j13.asm
                   RCREG1   0x000faf       data     extern E:\c18v3.46\pic18-lt\cxx-framework\src\traditional\proc\p18f27j13.asm
                    SPBRG   0x000fb0       data     extern E:\c18v3.46\pic18-lt\cxx-framework\src\traditional\proc\p18f27j13.asm
                   SPBRG1   0x000fb0       data     extern E:\c18v3.46\pic18-lt\cxx-framework\src\traditional\proc\p18f27j13.asm
                 CTMUICON   0x000fb1       data     extern E:\c18v3.46\pic18-lt\cxx-framework\src\traditional\proc\p18f27j13.asm
             CTMUICONbits   0x000fb1       data     extern E:\c18v3.46\pic18-lt\cxx-framework\src\traditional\proc\p18f27j13.asm
                 CTMUCONL   0x000fb2       data     extern E:\c18v3.46\pic18-lt\cxx-framework\src\traditional\proc\p18f27j13.asm
             CTMUCONLbits   0x000fb2       data     extern E:\c18v3.46\pic18-lt\cxx-framework\src\traditional\proc\p18f27j13.asm
                 CTMUCONH   0x000fb3       data     extern E:\c18v3.46\pic18-lt\cxx-framework\src\traditional\proc\p18f27j13.asm
             CTMUCONHbits   0x000fb3       data     extern E:\c18v3.46\pic18-lt\cxx-framework\src\traditional\proc\p18f27j13.asm
              CCP2CONbits   0x000fb4       data     extern E:\c18v3.46\pic18-lt\cxx-framework\src\traditional\proc\p18f27j13.asm
                  CCP2CON   0x000fb4       data     extern E:\c18v3.46\pic18-lt\cxx-framework\src\traditional\proc\p18f27j13.asm
                 ECCP2CON   0x000fb4       data     extern E:\c18v3.46\pic18-lt\cxx-framework\src\traditional\proc\p18f27j13.asm
             ECCP2CONbits   0x000fb4       data     extern E:\c18v3.46\pic18-lt\cxx-framework\src\traditional\proc\p18f27j13.asm
                    CCPR2   0x000fb5       data     extern E:\c18v3.46\pic18-lt\cxx-framework\src\traditional\proc\p18f27j13.asm
                   CCPR2L   0x000fb5       data     extern E:\c18v3.46\pic18-lt\cxx-framework\src\traditional\proc\p18f27j13.asm
                   CCPR2H   0x000fb6       data     extern E:\c18v3.46\pic18-lt\cxx-framework\src\traditional\proc\p18f27j13.asm
                 ECCP2DEL   0x000fb7       data     extern E:\c18v3.46\pic18-lt\cxx-framework\src\traditional\proc\p18f27j13.asm
             ECCP2DELbits   0x000fb7       data     extern E:\c18v3.46\pic18-lt\cxx-framework\src\traditional\proc\p18f27j13.asm
              PWM2CONbits   0x000fb7       data     extern E:\c18v3.46\pic18-lt\cxx-framework\src\traditional\proc\p18f27j13.asm
                  PWM2CON   0x000fb7       data     extern E:\c18v3.46\pic18-lt\cxx-framework\src\traditional\proc\p18f27j13.asm
              ECCP2ASbits   0x000fb8       data     extern E:\c18v3.46\pic18-lt\cxx-framework\src\traditional\proc\p18f27j13.asm
                  ECCP2AS   0x000fb8       data     extern E:\c18v3.46\pic18-lt\cxx-framework\src\traditional\proc\p18f27j13.asm
             PSTR2CONbits   0x000fb9       data     extern E:\c18v3.46\pic18-lt\cxx-framework\src\traditional\proc\p18f27j13.asm
                 PSTR2CON   0x000fb9       data     extern E:\c18v3.46\pic18-lt\cxx-framework\src\traditional\proc\p18f27j13.asm
              CCP1CONbits   0x000fba       data     extern E:\c18v3.46\pic18-lt\cxx-framework\src\traditional\proc\p18f27j13.asm
                  CCP1CON   0x000fba       data     extern E:\c18v3.46\pic18-lt\cxx-framework\src\traditional\proc\p18f27j13.asm
                 ECCP1CON   0x000fba       data     extern E:\c18v3.46\pic18-lt\cxx-framework\src\traditional\proc\p18f27j13.asm
             ECCP1CONbits   0x000fba       data     extern E:\c18v3.46\pic18-lt\cxx-framework\src\traditional\proc\p18f27j13.asm
                    CCPR1   0x000fbb       data     extern E:\c18v3.46\pic18-lt\cxx-framework\src\traditional\proc\p18f27j13.asm
                   CCPR1L   0x000fbb       data     extern E:\c18v3.46\pic18-lt\cxx-framework\src\traditional\proc\p18f27j13.asm
                   CCPR1H   0x000fbc       data     extern E:\c18v3.46\pic18-lt\cxx-framework\src\traditional\proc\p18f27j13.asm
                 ECCP1DEL   0x000fbd       data     extern E:\c18v3.46\pic18-lt\cxx-framework\src\traditional\proc\p18f27j13.asm
             ECCP1DELbits   0x000fbd       data     extern E:\c18v3.46\pic18-lt\cxx-framework\src\traditional\proc\p18f27j13.asm
              PWM1CONbits   0x000fbd       data     extern E:\c18v3.46\pic18-lt\cxx-framework\src\traditional\proc\p18f27j13.asm
                  PWM1CON   0x000fbd       data     extern E:\c18v3.46\pic18-lt\cxx-framework\src\traditional\proc\p18f27j13.asm
                  ECCP1AS   0x000fbe       data     extern E:\c18v3.46\pic18-lt\cxx-framework\src\traditional\proc\p18f27j13.asm
              ECCP1ASbits   0x000fbe       data     extern E:\c18v3.46\pic18-lt\cxx-framework\src\traditional\proc\p18f27j13.asm
             PSTR1CONbits   0x000fbf       data     extern E:\c18v3.46\pic18-lt\cxx-framework\src\traditional\proc\p18f27j13.asm
                 PSTR1CON   0x000fbf       data     extern E:\c18v3.46\pic18-lt\cxx-framework\src\traditional\proc\p18f27j13.asm
                   WDTCON   0x000fc0       data     extern E:\c18v3.46\pic18-lt\cxx-framework\src\traditional\proc\p18f27j13.asm
               WDTCONbits   0x000fc0       data     extern E:\c18v3.46\pic18-lt\cxx-framework\src\traditional\proc\p18f27j13.asm
               ADCON1bits   0x000fc1       data     extern E:\c18v3.46\pic18-lt\cxx-framework\src\traditional\proc\p18f27j13.asm
                   ADCON1   0x000fc1       data     extern E:\c18v3.46\pic18-lt\cxx-framework\src\traditional\proc\p18f27j13.asm
               ADCON0bits   0x000fc2       data     extern E:\c18v3.46\pic18-lt\cxx-framework\src\traditional\proc\p18f27j13.asm
                   ADCON0   0x000fc2       data     extern E:\c18v3.46\pic18-lt\cxx-framework\src\traditional\proc\p18f27j13.asm
                    ADRES   0x000fc3       data     extern E:\c18v3.46\pic18-lt\cxx-framework\src\traditional\proc\p18f27j13.asm
                   ADRESL   0x000fc3       data     extern E:\c18v3.46\pic18-lt\cxx-framework\src\traditional\proc\p18f27j13.asm
                   ADRESH   0x000fc4       data     extern E:\c18v3.46\pic18-lt\cxx-framework\src\traditional\proc\p18f27j13.asm
             SSP1CON2bits   0x000fc5       data     extern E:\c18v3.46\pic18-lt\cxx-framework\src\traditional\proc\p18f27j13.asm
                 SSP1CON2   0x000fc5       data     extern E:\c18v3.46\pic18-lt\cxx-framework\src\traditional\proc\p18f27j13.asm
                  SSPCON2   0x000fc5       data     extern E:\c18v3.46\pic18-lt\cxx-framework\src\traditional\proc\p18f27j13.asm
              SSPCON2bits   0x000fc5       data     extern E:\c18v3.46\pic18-lt\cxx-framework\src\traditional\proc\p18f27j13.asm
             SSP1CON1bits   0x000fc6       data     extern E:\c18v3.46\pic18-lt\cxx-framework\src\traditional\proc\p18f27j13.asm
                 SSP1CON1   0x000fc6       data     extern E:\c18v3.46\pic18-lt\cxx-framework\src\traditional\proc\p18f27j13.asm
                  SSPCON1   0x000fc6       data     extern E:\c18v3.46\pic18-lt\cxx-framework\src\traditional\proc\p18f27j13.asm
              SSPCON1bits   0x000fc6       data     extern E:\c18v3.46\pic18-lt\cxx-framework\src\traditional\proc\p18f27j13.asm
             SSP1STATbits   0x000fc7       data     extern E:\c18v3.46\pic18-lt\cxx-framework\src\traditional\proc\p18f27j13.asm
                 SSP1STAT   0x000fc7       data     extern E:\c18v3.46\pic18-lt\cxx-framework\src\traditional\proc\p18f27j13.asm
                  SSPSTAT   0x000fc7       data     extern E:\c18v3.46\pic18-lt\cxx-framework\src\traditional\proc\p18f27j13.asm
              SSPSTATbits   0x000fc7       data     extern E:\c18v3.46\pic18-lt\cxx-framework\src\traditional\proc\p18f27j13.asm
              SSP1MSKbits   0x000fc8       data     extern E:\c18v3.46\pic18-lt\cxx-framework\src\traditional\proc\p18f27j13.asm
                  SSP1MSK   0x000fc8       data     extern E:\c18v3.46\pic18-lt\cxx-framework\src\traditional\proc\p18f27j13.asm
                   SSPADD   0x000fc8       data     extern E:\c18v3.46\pic18-lt\cxx-framework\src\traditional\proc\p18f27j13.asm
                  SSP1ADD   0x000fc8       data     extern E:\c18v3.46\pic18-lt\cxx-framework\src\traditional\proc\p18f27j13.asm
                   SSPBUF   0x000fc9       data     extern E:\c18v3.46\pic18-lt\cxx-framework\src\traditional\proc\p18f27j13.asm
                  SSP1BUF   0x000fc9       data     extern E:\c18v3.46\pic18-lt\cxx-framework\src\traditional\proc\p18f27j13.asm
                    T2CON   0x000fca       data     extern E:\c18v3.46\pic18-lt\cxx-framework\src\traditional\proc\p18f27j13.asm
                T2CONbits   0x000fca       data     extern E:\c18v3.46\pic18-lt\cxx-framework\src\traditional\proc\p18f27j13.asm
                      PR2   0x000fcb       data     extern E:\c18v3.46\pic18-lt\cxx-framework\src\traditional\proc\p18f27j13.asm
                     TMR2   0x000fcc       data     extern E:\c18v3.46\pic18-lt\cxx-framework\src\traditional\proc\p18f27j13.asm
                    T1CON   0x000fcd       data     extern E:\c18v3.46\pic18-lt\cxx-framework\src\traditional\proc\p18f27j13.asm
                T1CONbits   0x000fcd       data     extern E:\c18v3.46\pic18-lt\cxx-framework\src\traditional\proc\p18f27j13.asm
                    TMR1L   0x000fce       data     extern E:\c18v3.46\pic18-lt\cxx-framework\src\traditional\proc\p18f27j13.asm
                    TMR1H   0x000fcf       data     extern E:\c18v3.46\pic18-lt\cxx-framework\src\traditional\proc\p18f27j13.asm
                 RCONbits   0x000fd0       data     extern E:\c18v3.46\pic18-lt\cxx-framework\src\traditional\proc\p18f27j13.asm
                     RCON   0x000fd0       data     extern E:\c18v3.46\pic18-lt\cxx-framework\src\traditional\proc\p18f27j13.asm
               CM2CONbits   0x000fd1       data     extern E:\c18v3.46\pic18-lt\cxx-framework\src\traditional\proc\p18f27j13.asm
              CM2CON1bits   0x000fd1       data     extern E:\c18v3.46\pic18-lt\cxx-framework\src\traditional\proc\p18f27j13.asm
                   CM2CON   0x000fd1       data     extern E:\c18v3.46\pic18-lt\cxx-framework\src\traditional\proc\p18f27j13.asm
                  CM2CON1   0x000fd1       data     extern E:\c18v3.46\pic18-lt\cxx-framework\src\traditional\proc\p18f27j13.asm
                   CM1CON   0x000fd2       data     extern E:\c18v3.46\pic18-lt\cxx-framework\src\traditional\proc\p18f27j13.asm
                  CM1CON1   0x000fd2       data     extern E:\c18v3.46\pic18-lt\cxx-framework\src\traditional\proc\p18f27j13.asm
              CM1CON1bits   0x000fd2       data     extern E:\c18v3.46\pic18-lt\cxx-framework\src\traditional\proc\p18f27j13.asm
               CM1CONbits   0x000fd2       data     extern E:\c18v3.46\pic18-lt\cxx-framework\src\traditional\proc\p18f27j13.asm
                   OSCCON   0x000fd3       data     extern E:\c18v3.46\pic18-lt\cxx-framework\src\traditional\proc\p18f27j13.asm
               OSCCONbits   0x000fd3       data     extern E:\c18v3.46\pic18-lt\cxx-framework\src\traditional\proc\p18f27j13.asm
                    T0CON   0x000fd5       data     extern E:\c18v3.46\pic18-lt\cxx-framework\src\traditional\proc\p18f27j13.asm
                T0CONbits   0x000fd5       data     extern E:\c18v3.46\pic18-lt\cxx-framework\src\traditional\proc\p18f27j13.asm
                    TMR0L   0x000fd6       data     extern E:\c18v3.46\pic18-lt\cxx-framework\src\traditional\proc\p18f27j13.asm
                    TMR0H   0x000fd7       data     extern E:\c18v3.46\pic18-lt\cxx-framework\src\traditional\proc\p18f27j13.asm
                   STATUS   0x000fd8       data     extern E:\c18v3.46\pic18-lt\cxx-framework\src\traditional\proc\p18f27j13.asm
               STATUSbits   0x000fd8       data     extern E:\c18v3.46\pic18-lt\cxx-framework\src\traditional\proc\p18f27j13.asm
                     FSR2   0x000fd9       data     extern E:\c18v3.46\pic18-lt\cxx-framework\src\traditional\proc\p18f27j13.asm
                    FSR2L   0x000fd9       data     extern E:\c18v3.46\pic18-lt\cxx-framework\src\traditional\proc\p18f27j13.asm
                    FSR2H   0x000fda       data     extern E:\c18v3.46\pic18-lt\cxx-framework\src\traditional\proc\p18f27j13.asm
                   PLUSW2   0x000fdb       data     extern E:\c18v3.46\pic18-lt\cxx-framework\src\traditional\proc\p18f27j13.asm
                  PREINC2   0x000fdc       data     extern E:\c18v3.46\pic18-lt\cxx-framework\src\traditional\proc\p18f27j13.asm
                 POSTDEC2   0x000fdd       data     extern E:\c18v3.46\pic18-lt\cxx-framework\src\traditional\proc\p18f27j13.asm
                 POSTINC2   0x000fde       data     extern E:\c18v3.46\pic18-lt\cxx-framework\src\traditional\proc\p18f27j13.asm
                    INDF2   0x000fdf       data     extern E:\c18v3.46\pic18-lt\cxx-framework\src\traditional\proc\p18f27j13.asm
                      BSR   0x000fe0       data     extern E:\c18v3.46\pic18-lt\cxx-framework\src\traditional\proc\p18f27j13.asm
                    FSR1L   0x000fe1       data     extern E:\c18v3.46\pic18-lt\cxx-framework\src\traditional\proc\p18f27j13.asm
                     FSR1   0x000fe1       data     extern E:\c18v3.46\pic18-lt\cxx-framework\src\traditional\proc\p18f27j13.asm
                    FSR1H   0x000fe2       data     extern E:\c18v3.46\pic18-lt\cxx-framework\src\traditional\proc\p18f27j13.asm
                   PLUSW1   0x000fe3       data     extern E:\c18v3.46\pic18-lt\cxx-framework\src\traditional\proc\p18f27j13.asm
                  PREINC1   0x000fe4       data     extern E:\c18v3.46\pic18-lt\cxx-framework\src\traditional\proc\p18f27j13.asm
                 POSTDEC1   0x000fe5       data     extern E:\c18v3.46\pic18-lt\cxx-framework\src\traditional\proc\p18f27j13.asm
                 POSTINC1   0x000fe6       data     extern E:\c18v3.46\pic18-lt\cxx-framework\src\traditional\proc\p18f27j13.asm
                    INDF1   0x000fe7       data     extern E:\c18v3.46\pic18-lt\cxx-framework\src\traditional\proc\p18f27j13.asm
                     WREG   0x000fe8       data     extern E:\c18v3.46\pic18-lt\cxx-framework\src\traditional\proc\p18f27j13.asm
                    FSR0L   0x000fe9       data     extern E:\c18v3.46\pic18-lt\cxx-framework\src\traditional\proc\p18f27j13.asm
                     FSR0   0x000fe9       data     extern E:\c18v3.46\pic18-lt\cxx-framework\src\traditional\proc\p18f27j13.asm
                    FSR0H   0x000fea       data     extern E:\c18v3.46\pic18-lt\cxx-framework\src\traditional\proc\p18f27j13.asm
                   PLUSW0   0x000feb       data     extern E:\c18v3.46\pic18-lt\cxx-framework\src\traditional\proc\p18f27j13.asm
                  PREINC0   0x000fec       data     extern E:\c18v3.46\pic18-lt\cxx-framework\src\traditional\proc\p18f27j13.asm
                 POSTDEC0   0x000fed       data     extern E:\c18v3.46\pic18-lt\cxx-framework\src\traditional\proc\p18f27j13.asm
                 POSTINC0   0x000fee       data     extern E:\c18v3.46\pic18-lt\cxx-framework\src\traditional\proc\p18f27j13.asm
                    INDF0   0x000fef       data     extern E:\c18v3.46\pic18-lt\cxx-framework\src\traditional\proc\p18f27j13.asm
                  INTCON3   0x000ff0       data     extern E:\c18v3.46\pic18-lt\cxx-framework\src\traditional\proc\p18f27j13.asm
              INTCON3bits   0x000ff0       data     extern E:\c18v3.46\pic18-lt\cxx-framework\src\traditional\proc\p18f27j13.asm
                  INTCON2   0x000ff1       data     extern E:\c18v3.46\pic18-lt\cxx-framework\src\traditional\proc\p18f27j13.asm
              INTCON2bits   0x000ff1       data     extern E:\c18v3.46\pic18-lt\cxx-framework\src\traditional\proc\p18f27j13.asm
                   INTCON   0x000ff2       data     extern E:\c18v3.46\pic18-lt\cxx-framework\src\traditional\proc\p18f27j13.asm
               INTCONbits   0x000ff2       data     extern E:\c18v3.46\pic18-lt\cxx-framework\src\traditional\proc\p18f27j13.asm
                    PRODL   0x000ff3       data     extern E:\c18v3.46\pic18-lt\cxx-framework\src\traditional\proc\p18f27j13.asm
                     PROD   0x000ff3       data     extern E:\c18v3.46\pic18-lt\cxx-framework\src\traditional\proc\p18f27j13.asm
                    PRODH   0x000ff4       data     extern E:\c18v3.46\pic18-lt\cxx-framework\src\traditional\proc\p18f27j13.asm
                   TABLAT   0x000ff5       data     extern E:\c18v3.46\pic18-lt\cxx-framework\src\traditional\proc\p18f27j13.asm
                  TBLPTRL   0x000ff6       data     extern E:\c18v3.46\pic18-lt\cxx-framework\src\traditional\proc\p18f27j13.asm
                   TBLPTR   0x000ff6       data     extern E:\c18v3.46\pic18-lt\cxx-framework\src\traditional\proc\p18f27j13.asm
                  TBLPTRH   0x000ff7       data     extern E:\c18v3.46\pic18-lt\cxx-framework\src\traditional\proc\p18f27j13.asm
                  TBLPTRU   0x000ff8       data     extern E:\c18v3.46\pic18-lt\cxx-framework\src\traditional\proc\p18f27j13.asm
                       PC   0x000ff9       data     extern E:\c18v3.46\pic18-lt\cxx-framework\src\traditional\proc\p18f27j13.asm
                      PCL   0x000ff9       data     extern E:\c18v3.46\pic18-lt\cxx-framework\src\traditional\proc\p18f27j13.asm
                   PCLATH   0x000ffa       data     extern E:\c18v3.46\pic18-lt\cxx-framework\src\traditional\proc\p18f27j13.asm
                   PCLATU   0x000ffb       data     extern E:\c18v3.46\pic18-lt\cxx-framework\src\traditional\proc\p18f27j13.asm
                   STKPTR   0x000ffc       data     extern E:\c18v3.46\pic18-lt\cxx-framework\src\traditional\proc\p18f27j13.asm
               STKPTRbits   0x000ffc       data     extern E:\c18v3.46\pic18-lt\cxx-framework\src\traditional\proc\p18f27j13.asm
                      TOS   0x000ffd       data     extern E:\c18v3.46\pic18-lt\cxx-framework\src\traditional\proc\p18f27j13.asm
                     TOSL   0x000ffd       data     extern E:\c18v3.46\pic18-lt\cxx-framework\src\traditional\proc\p18f27j13.asm
                     TOSH   0x000ffe       data     extern E:\c18v3.46\pic18-lt\cxx-framework\src\traditional\proc\p18f27j13.asm
                     TOSU   0x000fff       data     extern E:\c18v3.46\pic18-lt\cxx-framework\src\traditional\proc\p18f27j13.asm


